Component: ARM Compiler 5.06 update 6 (build 750) Tool: armlink [4d35ed]

==============================================================================

Section Cross References

    main.o(.text) refers to delay.o(.text) for delay_init
    main.o(.text) refers to misc.o(.text) for NVIC_PriorityGroupConfig
    main.o(.text) refers to usart.o(.text) for uart_init
    main.o(.text) refers to led.o(.text) for LED_Init
    main.o(.text) refers to adc.o(.text) for Adc_Init
    main.o(.text) refers to pwm.o(.text) for TIM1_PWMout_Init
    main.o(.text) refers to lcd.o(.text) for LCD_Init
    main.o(.text) refers to mmc_sd.o(.text) for SD_Initialize
    main.o(.text) refers to fflt_clz.o(x$fpl$ffltu) for __aeabi_ui2f
    main.o(.text) refers to f2d.o(x$fpl$f2d) for __aeabi_f2d
    main.o(.text) refers to dmul.o(x$fpl$dmul) for __aeabi_dmul
    main.o(.text) refers to d2f.o(x$fpl$d2f) for __aeabi_d2f
    main.o(.text) refers to ffixu.o(x$fpl$ffixu) for __aeabi_f2uiz
    main.o(.text) refers to faddsub_clz.o(x$fpl$frsb) for __aeabi_frsub
    main.o(.text) refers to fmul.o(x$fpl$fmul) for __aeabi_fmul
    main.o(.text) refers to stm32f10x_tim.o(.text) for TIM_SetCompare1
    main.o(.text) refers to dflt_clz.o(x$fpl$dflt) for __aeabi_i2d
    main.o(.text) refers to ddiv.o(x$fpl$ddiv) for __aeabi_ddiv
    main.o(.text) refers to dfixu.o(x$fpl$dfixu) for __aeabi_d2uiz
    main.o(.text) refers to lcd.o(.data) for POINT_COLOR
    main.o(.text) refers to pwm.o(.data) for TIM2CH1_CAPTURE_STA
    system_stm32f10x.o(.text) refers to system_stm32f10x.o(.data) for SystemCoreClock
    led.o(.text) refers to stm32f10x_rcc.o(.text) for RCC_APB2PeriphClockCmd
    led.o(.text) refers to stm32f10x_gpio.o(.text) for GPIO_Init
    lcd.o(.text) refers to _printf_percent.o(.ARM.Collect$$_printf_percent$$00000000) for _printf_percent
    lcd.o(.text) refers to _printf_x.o(.ARM.Collect$$_printf_percent$$0000000C) for _printf_x
    lcd.o(.text) refers to _printf_hex_int.o(.text) for _printf_longlong_hex
    lcd.o(.text) refers to delay.o(.text) for delay_us
    lcd.o(.text) refers to lcd.o(.bss) for lcddev
    lcd.o(.text) refers to dflt_clz.o(x$fpl$dfltu) for __aeabi_ui2d
    lcd.o(.text) refers to dmul.o(x$fpl$dmul) for __aeabi_dmul
    lcd.o(.text) refers to dfixu.o(x$fpl$dfixu) for __aeabi_d2uiz
    lcd.o(.text) refers to lcd.o(.data) for POINT_COLOR
    lcd.o(.text) refers to stm32f10x_rcc.o(.text) for RCC_APB2PeriphClockCmd
    lcd.o(.text) refers to stm32f10x_gpio.o(.text) for GPIO_PinRemapConfig
    lcd.o(.text) refers to noretval__2printf.o(.text) for __2printf
    lcd.o(.text) refers to lcd.o(.constdata) for asc2_1206
    adc.o(.text) refers to stm32f10x_rcc.o(.text) for RCC_AHBPeriphClockCmd
    adc.o(.text) refers to stm32f10x_dma.o(.text) for DMA_DeInit
    adc.o(.text) refers to stm32f10x_gpio.o(.text) for GPIO_Init
    adc.o(.text) refers to stm32f10x_adc.o(.text) for ADC_Init
    adc.o(.text) refers to adc.o(.bss) for ADC_ConvertedValue
    pwm.o(.text) refers to stm32f10x_rcc.o(.text) for RCC_APB2PeriphClockCmd
    pwm.o(.text) refers to stm32f10x_gpio.o(.text) for GPIO_Init
    pwm.o(.text) refers to stm32f10x_tim.o(.text) for TIM_TimeBaseInit
    pwm.o(.text) refers to misc.o(.text) for NVIC_Init
    pwm.o(.text) refers to pwm.o(.bss) for TIM2_ICInitStructure
    pwm.o(.text) refers to pwm.o(.data) for TIM2CH1_CAPTURE_STA
    mmc_sd.o(.text) refers to spi.o(.text) for SPI1_ReadWriteByte
    mmc_sd.o(.text) refers to stm32f10x_rcc.o(.text) for RCC_APB2PeriphClockCmd
    mmc_sd.o(.text) refers to stm32f10x_gpio.o(.text) for GPIO_Init
    mmc_sd.o(.text) refers to mmc_sd.o(.data) for SD_Type
    spi.o(.text) refers to stm32f10x_spi.o(.text) for SPI_I2S_GetFlagStatus
    spi.o(.text) refers to stm32f10x_rcc.o(.text) for RCC_APB2PeriphClockCmd
    spi.o(.text) refers to stm32f10x_gpio.o(.text) for GPIO_Init
    spi.o(.text) refers to spi.o(.bss) for SPI_InitStructure
    malloc.o(.text) refers to malloc.o(.data) for mallco_dev
    malloc.o(.data) refers to malloc.o(.text) for mem_init
    malloc.o(.data) refers to malloc.o(.bss) for membase
    delay.o(.text) refers to misc.o(.text) for SysTick_CLKSourceConfig
    delay.o(.text) refers to system_stm32f10x.o(.data) for SystemCoreClock
    delay.o(.text) refers to delay.o(.data) for fac_us
    usart.o(.text) refers (Special) to use_no_semi_2.o(.text) for __use_no_semihosting
    usart.o(.text) refers to stm32f10x_rcc.o(.text) for RCC_APB2PeriphClockCmd
    usart.o(.text) refers to stm32f10x_gpio.o(.text) for GPIO_Init
    usart.o(.text) refers to misc.o(.text) for NVIC_Init
    usart.o(.text) refers to stm32f10x_usart.o(.text) for USART_Init
    usart.o(.text) refers to usart.o(.data) for USART_RX_STA
    usart.o(.text) refers to usart.o(.bss) for USART_RX_BUF
    usart.o(.bss) refers (Special) to use_no_semi_2.o(.text) for __use_no_semihosting
[...]
    ../clib/stdlib.c                         0x00000000   Number         0  exit.o ABSOLUTE
    ../fplib/d2f.s                           0x00000000   Number         0  d2f.o ABSOLUTE
    ../fplib/ddiv.s                          0x00000000   Number         0  ddiv.o ABSOLUTE
    ../fplib/dfixu.s                         0x00000000   Number         0  dfixu.o ABSOLUTE
    ../fplib/dflt.s                          0x00000000   Number         0  dflt_clz.o ABSOLUTE
    ../fplib/dmul.s                          0x00000000   Number         0  dmul.o ABSOLUTE
    ../fplib/dnaninf.s                       0x00000000   Number         0  dnaninf.o ABSOLUTE
    ../fplib/dretinf.s                       0x00000000   Number         0  dretinf.o ABSOLUTE
    ../fplib/f2d.s                           0x00000000   Number         0  f2d.o ABSOLUTE
    ../fplib/faddsub.s                       0x00000000   Number         0  faddsub_clz.o ABSOLUTE
    ../fplib/ffixu.s                         0x00000000   Number         0  ffixu.o ABSOLUTE
    ../fplib/fflt.s                          0x00000000   Number         0  fflt_clz.o ABSOLUTE
    ../fplib/fmul.s                          0x00000000   Number         0  fmul.o ABSOLUTE
    ../fplib/fnaninf.s                       0x00000000   Number         0  fnaninf.o ABSOLUTE
    ../fplib/fpinit.s                        0x00000000   Number         0  fpinit.o ABSOLUTE
    ../fplib/fretinf.s                       0x00000000   Number         0  fretinf.o ABSOLUTE
    ../fplib/usenofp.s                       0x00000000   Number         0  usenofp.o ABSOLUTE
    ..\CORE\core_cm3.c                       0x00000000   Number         0  core_cm3.o ABSOLUTE
    ..\CORE\startup_stm32f10x_hd.s           0x00000000   Number         0  startup_stm32f10x_hd.o ABSOLUTE
    ..\HARDWARE\ADC\adc.c                    0x00000000   Number         0  adc.o ABSOLUTE
    ..\HARDWARE\LCD\lcd.c                    0x00000000   Number         0  lcd.o ABSOLUTE
    ..\HARDWARE\LED\led.c                    0x00000000   Number         0  led.o ABSOLUTE
    ..\HARDWARE\MALLOC\malloc.c              0x00000000   Number         0  malloc.o ABSOLUTE
    ..\HARDWARE\PWM\pwm.c                    0x00000000   Number         0  pwm.o ABSOLUTE
    ..\HARDWARE\SD\MMC_SD.C                  0x00000000   Number         0  mmc_sd.o ABSOLUTE
    ..\HARDWARE\SPI\spi.c                    0x00000000   Number         0  spi.o ABSOLUTE
    ..\STM32F10x_FWLib\src\misc.c            0x00000000   Number         0  misc.o ABSOLUTE
    ..\STM32F10x_FWLib\src\stm32f10x_adc.c   0x00000000   Number         0  stm32f10x_adc.o ABSOLUTE
    ..\STM32F10x_FWLib\src\stm32f10x_dma.c   0x00000000   Number         0  stm32f10x_dma.o ABSOLUTE
    ..\STM32F10x_FWLib\src\stm32f10x_gpio.c  0x00000000   Number         0  stm32f10x_gpio.o ABSOLUTE
    ..\STM32F10x_FWLib\src\stm32f10x_rcc.c   0x00000000   Number         0  stm32f10x_rcc.o ABSOLUTE
    ..\STM32F10x_FWLib\src\stm32f10x_spi.c   0x00000000   Number         0  stm32f10x_spi.o ABSOLUTE
    ..\STM32F10x_FWLib\src\stm32f10x_tim.c   0x00000000   Number         0  stm32f10x_tim.o ABSOLUTE
    ..\STM32F10x_FWLib\src\stm32f10x_usart.c 0x00000000   Number         0  stm32f10x_usart.o ABSOLUTE
    ..\SYSTEM\delay\delay.c                  0x00000000   Number         0  delay.o ABSOLUTE
    ..\SYSTEM\sys\sys.c                      0x00000000   Number         0  sys.o ABSOLUTE
    ..\SYSTEM\usart\usart.c                  0x00000000   Number         0  usart.o ABSOLUTE
    ..\\CORE\\core_cm3.c                     0x00000000   Number         0  core_cm3.o ABSOLUTE
    ..\\SYSTEM\\sys\\sys.c                   0x00000000   Number         0  sys.o ABSOLUTE
    dc.s                                     0x00000000   Number         0  dc.o ABSOLUTE
    main.c                                   0x00000000   Number         0  main.o ABSOLUTE
    stm32f10x_it.c                           0x00000000   Number         0  stm32f10x_it.o ABSOLUTE
    system_stm32f10x.c                       0x00000000   Number         0  system_stm32f10x.o ABSOLUTE
    RESET                                    0x08000000   Section      304  startup_stm32f10x_hd.o(RESET)
    !!!main                                  0x08000130   Section        8  __main.o(!!!main)
    !!!scatter                               0x08000138   Section       52  __scatter.o(!!!scatter)
    !!handler_copy                           0x0800016c   Section       26  __scatter_copy.o(!!handler_copy)
    !!handler_zi                             0x08000188   Section       28  __scatter_zi.o(!!handler_zi)
    .ARM.Collect$$_printf_percent$$00000000  0x080001a4   Section        0  _printf_percent.o(.ARM.Collect$$_printf_percent$$00000000)
    .ARM.Collect$$_printf_percent$$0000000C  0x080001a4   Section        6  _printf_x.o(.ARM.Collect$$_printf_percent$$0000000C)
    .ARM.Collect$$_printf_percent$$00000017  0x080001aa   Section        4  _printf_percent_end.o(.ARM.Collect$$_printf_percent$$00000017)
    .ARM.Collect$$libinit$$00000000          0x080001ae   Section        2  libinit.o(.ARM.Collect$$libinit$$00000000)
    .ARM.Collect$$libinit$$00000002          0x080001b0   Section        0  libinit2.o(.ARM.Collect$$libinit$$00000002)
    .ARM.Collect$$libinit$$00000004          0x080001b0   Section        0  libinit2.o(.ARM.Collect$$libinit$$00000004)
    .ARM.Collect$$libinit$$0000000A          0x080001b0   Section        0  libinit2.o(.ARM.Collect$$libinit$$0000000A)
    .ARM.Collect$$libinit$$0000000C          0x080001b0   Section        0  libinit2.o(.ARM.Collect$$libinit$$0000000C)
    .ARM.Collect$$libinit$$0000000E          0x080001b0   Section        0  libinit2.o(.ARM.Collect$$libinit$$0000000E)
    .ARM.Collect$$libinit$$00000011          0x080001b0   Section        0  libinit2.o(.ARM.Collect$$libinit$$00000011)
    .ARM.Collect$$libinit$$00000013          0x080001b0   Section        0  libinit2.o(.ARM.Collect$$libinit$$00000013)
    .ARM.Collect$$libinit$$00000015          0x080001b0   Section        0  libinit2.o(.ARM.Collect$$libinit$$00000015)
    .ARM.Collect$$libinit$$00000017          0x080001b0   Section        0  libinit2.o(.ARM.Collect$$libinit$$00000017)
    .ARM.Collect$$libinit$$00000019          0x080001b0   Section        0  libinit2.o(.ARM.Collect$$libinit$$00000019)
    .ARM.Collect$$libinit$$0000001B          0x080001b0   Section        0  libinit2.o(.ARM.Collect$$libinit$$0000001B)
    .ARM.Collect$$libinit$$0000001D          0x080001b0   Section        0  libinit2.o(.ARM.Collect$$libinit$$0000001D)
    .ARM.Collect$$libinit$$0000001F          0x080001b0   Section        0  libinit2.o(.ARM.Collect$$libinit$$0000001F)
    .ARM.Collect$$libinit$$00000021          0x080001b0   Section        0  libinit2.o(.ARM.Collect$$libinit$$00000021)
    .ARM.Collect$$libinit$$00000023          0x080001b0   Section        0  libinit2.o(.ARM.Collect$$libinit$$00000023)
    .ARM.Collect$$libinit$$00000025          0x080001b0   Section        0  libinit2.o(.ARM.Collect$$libinit$$00000025)
    .ARM.Collect$$libinit$$0000002C          0x080001b0   Section        0  libinit2.o(.ARM.Collect$$libinit$$0000002C)
    .ARM.Collect$$libinit$$0000002E          0x080001b0   Section        0  libinit2.o(.ARM.Collect$$libinit$$0000002E)
    .ARM.Collect$$libinit$$00000030          0x080001b0   Section        0  libinit2.o(.ARM.Collect$$libinit$$00000030)
    .ARM.Collect$$libinit$$00000032          0x080001b0   Section        0  libinit2.o(.ARM.Collect$$libinit$$00000032)
    .ARM.Collect$$libinit$$00000033          0x080001b0   Section        2  libinit2.o(.ARM.Collect$$libinit$$00000033)
    .ARM.Collect$$libshutdown$$00000000      0x080001b2   Section        2  libshutdown.o(.ARM.Collect$$libshutdown$$00000000)
    .ARM.Collect$$libshutdown$$00000002      0x080001b4   Section        0  libshutdown2.o(.ARM.Collect$$libshutdown$$00000002)
    .ARM.Collect$$libshutdown$$00000004      0x080001b4   Section        0  libshutdown2.o(.ARM.Collect$$libshutdown$$00000004)
    .ARM.Collect$$libshutdown$$00000007      0x080001b4   Section        0  libshutdown2.o(.ARM.Collect$$libshutdown$$00000007)
    .ARM.Collect$$libshutdown$$0000000A      0x080001b4   Section        0  libshutdown2.o(.ARM.Collect$$libshutdown$$0000000A)
    .ARM.Collect$$libshutdown$$0000000C      0x080001b4   Section        0  libshutdown2.o(.ARM.Collect$$libshutdown$$0000000C)
    .ARM.Collect$$libshutdown$$0000000F      0x080001b4   Section        0  libshutdown2.o(.ARM.Collect$$libshutdown$$0000000F)
    .ARM.Collect$$libshutdown$$00000010      0x080001b4   Section        2  libshutdown2.o(.ARM.Collect$$libshutdown$$00000010)
    .ARM.Collect$$rtentry$$00000000          0x080001b6   Section        0  __rtentry.o(.ARM.Collect$$rtentry$$00000000)
    .ARM.Collect$$rtentry$$00000002          0x080001b6   Section        0  __rtentry2.o(.ARM.Collect$$rtentry$$00000002)
    .ARM.Collect$$rtentry$$00000004          0x080001b6   Section        6  __rtentry4.o(.ARM.Collect$$rtentry$$00000004)
    .ARM.Collect$$rtentry$$00000009          0x080001bc   Section        0  __rtentry2.o(.ARM.Collect$$rtentry$$00000009)
    .ARM.Collect$$rtentry$$0000000A          0x080001bc   Section        4  __rtentry2.o(.ARM.Collect$$rtentry$$0000000A)
    .ARM.Collect$$rtentry$$0000000C          0x080001c0   Section        0  __rtentry2.o(.ARM.Collect$$rtentry$$0000000C)
    .ARM.Collect$$rtentry$$0000000D          0x080001c0   Section        8  __rtentry2.o(.ARM.Collect$$rtentry$$0000000D)
    .ARM.Collect$$rtexit$$00000000           0x080001c8   Section        2  rtexit.o(.ARM.Collect$$rtexit$$00000000)
    .ARM.Collect$$rtexit$$00000002           0x080001ca   Section        0  rtexit2.o(.ARM.Collect$$rtexit$$00000002)
    .ARM.Collect$$rtexit$$00000003           0x080001ca   Section        4  rtexit2.o(.ARM.Collect$$rtexit$$00000003)
    .ARM.Collect$$rtexit$$00000004           0x080001ce   Section        6  rtexit2.o(.ARM.Collect$$rtexit$$00000004)
    .text                                    0x080001d4   Section        0  main.o(.text)
    .text                                    0x080005e0   Section        0  stm32f10x_it.o(.text)
    .text                                    0x080005fc   Section        0  system_stm32f10x.o(.text)
    SetSysClockTo72                          0x080005fd   Thumb Code   214  system_stm32f10x.o(.text)
    SetSysClock                              0x080006d3   Thumb Code     8  system_stm32f10x.o(.text)
    .text                                    0x080007dc   Section        0  led.o(.text)
    .text                                    0x08000814   Section        0  lcd.o(.text)
    .text                                    0x0800605c   Section        0  adc.o(.text)
    .text                                    0x080061cc   Section        0  pwm.o(.text)
    .text                                    0x080063cc   Section        0  mmc_sd.o(.text)
    .text                                    0x080068f0   Section        0  spi.o(.text)
    .text                                    0x080069d0   Section        0  delay.o(.text)
    .text                                    0x08006aa4   Section        0  usart.o(.text)
    .text                                    0x08006be4   Section       64  startup_stm32f10x_hd.o(.text)
    .text                                    0x08006c24   Section        0  stm32f10x_gpio.o(.text)
    .text                                    0x08006f80   Section        0  stm32f10x_rcc.o(.text)
    .text                                    0x08007324   Section        0  stm32f10x_usart.o(.text)
    .text                                    0x0800772c   Section        0  misc.o(.text)
    .text                                    0x08007808   Section        0  stm32f10x_adc.o(.text)
    .text                                    0x08007c58   Section        0  stm32f10x_tim.o(.text)
    TI4_Config                               0x080080ff   Thumb Code   130  stm32f10x_tim.o(.text)
    TI3_Config                               0x08008193   Thumb Code   122  stm32f10x_tim.o(.text)
    TI2_Config                               0x08008227   Thumb Code   130  stm32f10x_tim.o(.text)
    TI1_Config                               0x080082bb   Thumb Code   108  stm32f10x_tim.o(.text)
    .text                                    0x08008a74   Section        0  stm32f10x_spi.o(.text)
    .text                                    0x08008d80   Section        0  stm32f10x_dma.o(.text)
    .text                                    0x08008fd4   Section        2  use_no_semi_2.o(.text)
    .text                                    0x08008fd8   Section        0  noretval__2printf.o(.text)
    .text                                    0x08008ff0   Section        0  __printf.o(.text)
    .text                                    0x08009058   Section        0  _printf_hex_int.o(.text)
    .text                                    0x080090b0   Section        0  heapauxi.o(.text)
    .text                                    0x080090b6   Section        2  use_no_semi.o(.text)
    .text                                    0x080090b8   Section        0  _printf_intcommon.o(.text)
    .text                                    0x0800916c   Section        0  _printf_char_file.o(.text)
    .text                                    0x08009190   Section        0  _printf_char_common.o(.text)
    _printf_input_char                       0x08009191   Thumb Code    10  _printf_char_common.o(.text)
    .text                                    0x080091c0   Section        0  ferror.o(.text)
    .text                                    0x080091c8   Section       74  sys_stackheap_outer.o(.text)
    .text                                    0x08009212   Section        0  exit.o(.text)
    .text                                    0x08009224   Section        8  libspace.o(.text)
    x$fpl$d2f                                0x0800922c   Section       98  d2f.o(x$fpl$d2f)
    x$fpl$ddiv                               0x08009290   Section      688  ddiv.o(x$fpl$ddiv)
    ddiv_entry                               0x08009297   Thumb Code     0  ddiv.o(x$fpl$ddiv)
    x$fpl$dfixu                              0x08009540   Section       90  dfixu.o(x$fpl$dfixu)
    x$fpl$dflt                               0x0800959a   Section       46  dflt_clz.o(x$fpl$dflt)
    x$fpl$dfltu                              0x080095c8   Section       38  dflt_clz.o(x$fpl$dfltu)
    x$fpl$dmul                               0x080095f0   Section      340  dmul.o(x$fpl$dmul)
    x$fpl$dnaninf                            0x08009744   Section      156  dnaninf.o(x$fpl$dnaninf)
    x$fpl$dretinf                            0x080097e0   Section       12  dretinf.o(x$fpl$dretinf)
    x$fpl$f2d                                0x080097ec   Section       86  f2d.o(x$fpl$f2d)
    x$fpl$fadd                               0x08009844   Section      196  faddsub_clz.o(x$fpl$fadd)
    _fadd1                                   0x08009853   Thumb Code     0  faddsub_clz.o(x$fpl$fadd)
    x$fpl$ffixu                              0x08009908   Section       62  ffixu.o(x$fpl$ffixu)
    x$fpl$ffltu                              0x08009948   Section       38  fflt_clz.o(x$fpl$ffltu)
    x$fpl$fmul                               0x08009970   Section      258  fmul.o(x$fpl$fmul)
    x$fpl$fnaninf                            0x08009a72   Section      140  fnaninf.o(x$fpl$fnaninf)
    x$fpl$fretinf                            0x08009afe   Section       10  fretinf.o(x$fpl$fretinf)
    x$fpl$frsb                               0x08009b08   Section       20  faddsub_clz.o(x$fpl$frsb)
    x$fpl$fsub                               0x08009b1c   Section      234  faddsub_clz.o(x$fpl$fsub)
    _fsub1                                   0x08009b2b   Thumb Code     0  faddsub_clz.o(x$fpl$fsub)
    .constdata                               0x08009c06   Section     6080  lcd.o(.constdata)
    x$fpl$usenofp                            0x08009c06   Section        0  usenofp.o(x$fpl$usenofp)
    .constdata                               0x0800b3c6   Section       40  _printf_hex_int.o(.constdata)
    uc_hextab                                0x0800b3c6   Data          20  _printf_hex_int.o(.constdata)
    lc_hextab                                0x0800b3da   Data          20  _printf_hex_int.o(.constdata)
    .data                                    0x20000000   Section       20  system_stm32f10x.o(.data)
    .data                                    0x20000014   Section        4  lcd.o(.data)
    .data                                    0x20000018   Section        4  pwm.o(.data)
    .data                                    0x2000001c   Section        1  mmc_sd.o(.data)
    .data                                    0x2000001e   Section        4  delay.o(.data)
    fac_us                                   0x2000001e   Data           1  delay.o(.data)
    fac_ms                                   0x20000020   Data           2  delay.o(.data)
    .data                                    0x20000024   Section        6  usart.o(.data)
    .data                                    0x2000002a   Section       20  stm32f10x_rcc.o(.data)
    APBAHBPrescTable                         0x2000002a   Data          16  stm32f10x_rcc.o(.data)
    ADCPrescTable                            0x2000003a   Data           4  stm32f10x_rcc.o(.data)
    .bss                                     0x20000040   Section       14  lcd.o(.bss)
    .bss                                     0x2000004e   Section      120  adc.o(.bss)
    .bss                                     0x200000c6   Section       10  pwm.o(.bss)
    .bss                                     0x200000d0   Section       18  spi.o(.bss)
    .bss                                     0x200000e2   Section      200  usart.o(.bss)
    .bss                                     0x200001ac   Section       96  libspace.o(.bss)
    HEAP                                     0x20000210   Section      512  startup_stm32f10x_hd.o(HEAP)
    Heap_Mem                                 0x20000210   Data         512  startup_stm32f10x_hd.o(HEAP)
    STACK                                    0x20000410   Section     1024  startup_stm32f10x_hd.o(STACK)
    Stack_Mem                                0x20000410   Data        1024  startup_stm32f10x_hd.o(STACK)
    __initial_sp                             0x20000810   Data           0  startup_stm32f10x_hd.o(STACK)

    Global Symbols

    Symbol Name                              Value     Ov Type        Size  Object(Section)

    BuildAttributes$$THM_ISAv4$P$D$K$B$S$PE$A:L22UL41UL21$X:L11$S22US41US21$IEEE1$IW$USESV6$~STKCKD$USESV7$~SHL$OSPACE$ROPI$EBA8$UX$STANDARDLIB$REQ8$PRES8$EABIv2 0x00000000   Number         0  anon$$obj.o ABSOLUTE
    __ARM_use_no_argv                        0x00000000   Number         0  main.o ABSOLUTE
    __ARM_exceptions_init                     - Undefined Weak Reference
    __alloca_initialize                       - Undefined Weak Reference
    __arm_preinit_                            - Undefined Weak Reference
    __cpp_initialize__aeabi_                  - Undefined Weak Reference
    __cxa_finalize                            - Undefined Weak Reference
    __rt_locale                               - Undefined Weak Reference
    __sigvec_lookup                           - Undefined Weak Reference
    _atexit_init                              - Undefined Weak Reference
    _call_atexit_fns                          - Undefined Weak Reference
    _clock_init                               - Undefined Weak Reference
    _fp_trap_init                             - Undefined Weak Reference
    _fp_trap_shutdown                         - Undefined Weak Reference
    _get_lc_collate                           - Undefined Weak Reference
    _get_lc_ctype                             - Undefined Weak Reference
    _get_lc_monetary                          - Undefined Weak Reference
    _get_lc_numeric                           - Undefined Weak Reference
    _get_lc_time                              - Undefined Weak Reference
    _getenv_init                              - Undefined Weak Reference
    _handle_redirection                       - Undefined Weak Reference
    _init_alloc                               - Undefined Weak Reference
    _init_user_alloc                          - Undefined Weak Reference
    _initio                                   - Undefined Weak Reference
    _mutex_acquire                            - Undefined Weak Reference
    _mutex_release                            - Undefined Weak Reference
    _printf_post_padding                      - Undefined Weak Reference
    _printf_pre_padding                       - Undefined Weak Reference
    _printf_truncate_unsigned                 - Undefined Weak Reference
    _rand_init                                - Undefined Weak Reference
    _signal_finish                            - Undefined Weak Reference
    _signal_init                              - Undefined Weak Reference
    _terminate_alloc                          - Undefined Weak Reference
    _terminate_user_alloc                     - Undefined Weak Reference
    _terminateio                              - Undefined Weak Reference
    __Vectors_Size                           0x00000130   Number         0  startup_stm32f10x_hd.o ABSOLUTE
    __Vectors                                0x08000000   Data           4  startup_stm32f10x_hd.o(RESET)
    __Vectors_End                            0x08000130   Data           0  startup_stm32f10x_hd.o(RESET)
    __main                                   0x08000131   Thumb Code     8  __main.o(!!!main)
    __scatterload                            0x08000139   Thumb Code     0  __scatter.o(!!!scatter)
    __scatterload_rt2                        0x08000139   Thumb Code    44  __scatter.o(!!!scatter)
    __scatterload_rt2_thumb_only             0x08000139   Thumb Code     0  __scatter.o(!!!scatter)
    __scatterload_null                       0x08000147   Thumb Code     0  __scatter.o(!!!scatter)
    __scatterload_copy                       0x0800016d   Thumb Code    26  __scatter_copy.o(!!handler_copy)
    __scatterload_zeroinit                   0x08000189   Thumb Code    28  __scatter_zi.o(!!handler_zi)
    _printf_percent                          0x080001a5   Thumb Code     0  _printf_percent.o(.ARM.Collect$$_printf_percent$$00000000)
    _printf_x                                0x080001a5   Thumb Code     0  _printf_x.o(.ARM.Collect$$_printf_percent$$0000000C)
    _printf_percent_end                      0x080001ab   Thumb Code     0  _printf_percent_end.o(.ARM.Collect$$_printf_percent$$00000017)
    __rt_lib_init                            0x080001af   Thumb Code     0  libinit.o(.ARM.Collect$$libinit$$00000000)
    __rt_lib_init_alloca_1                   0x080001b1   Thumb Code     0  libinit2.o(.ARM.Collect$$libinit$$0000002E)
    __rt_lib_init_argv_1                     0x080001b1   Thumb Code     0  libinit2.o(.ARM.Collect$$libinit$$0000002C)
    __rt_lib_init_atexit_1                   0x080001b1   Thumb Code     0  libinit2.o(.ARM.Collect$$libinit$$0000001B)
    __rt_lib_init_clock_1                    0x080001b1   Thumb Code     0  libinit2.o(.ARM.Collect$$libinit$$00000021)
    __rt_lib_init_cpp_1                      0x080001b1   Thumb Code     0  libinit2.o(.ARM.Collect$$libinit$$00000032)
    __rt_lib_init_exceptions_1               0x080001b1   Thumb Code     0  libinit2.o(.ARM.Collect$$libinit$$00000030)
    __rt_lib_init_fp_1                       0x080001b1   Thumb Code     0  libinit2.o(.ARM.Collect$$libinit$$00000002)
    __rt_lib_init_fp_trap_1                  0x080001b1   Thumb Code     0  libinit2.o(.ARM.Collect$$libinit$$0000001F)
    __rt_lib_init_getenv_1                   0x080001b1   Thumb Code     0  libinit2.o(.ARM.Collect$$libinit$$00000023)
    __rt_lib_init_heap_1                     0x080001b1   Thumb Code     0  libinit2.o(.ARM.Collect$$libinit$$0000000A)
    __rt_lib_init_lc_collate_1               0x080001b1   Thumb Code     0  libinit2.o(.ARM.Collect$$libinit$$00000011)
    __rt_lib_init_lc_ctype_1                 0x080001b1   Thumb Code     0  libinit2.o(.ARM.Collect$$libinit$$00000013)
    __rt_lib_init_lc_monetary_1              0x080001b1   Thumb Code     0  libinit2.o(.ARM.Collect$$libinit$$00000015)
    __rt_lib_init_lc_numeric_1               0x080001b1   Thumb Code     0  libinit2.o(.ARM.Collect$$libinit$$00000017)
    __rt_lib_init_lc_time_1                  0x080001b1   Thumb Code     0  libinit2.o(.ARM.Collect$$libinit$$00000019)
    __rt_lib_init_preinit_1                  0x080001b1   Thumb Code     0  libinit2.o(.ARM.Collect$$libinit$$00000004)
    __rt_lib_init_rand_1                     0x080001b1   Thumb Code     0  libinit2.o(.ARM.Collect$$libinit$$0000000E)
    __rt_lib_init_return                     0x080001b1   Thumb Code     0  libinit2.o(.ARM.Collect$$libinit$$00000033)
    __rt_lib_init_signal_1                   0x080001b1   Thumb Code     0  libinit2.o(.ARM.Collect$$libinit$$0000001D)
    __rt_lib_init_stdio_1                    0x080001b1   Thumb Code     0  libinit2.o(.ARM.Collect$$libinit$$00000025)
    __rt_lib_init_user_alloc_1               0x080001b1   Thumb Code     0  libinit2.o(.ARM.Collect$$libinit$$0000000C)
    __rt_lib_shutdown                        0x080001b3   Thumb Code     0  libshutdown.o(.ARM.Collect$$libshutdown$$00000000)
    __rt_lib_shutdown_cpp_1                  0x080001b5   Thumb Code     0  libshutdown2.o(.ARM.Collect$$libshutdown$$00000002)
    __rt_lib_shutdown_fp_trap_1              0x080001b5   Thumb Code     0  libshutdown2.o(.ARM.Collect$$libshutdown$$00000007)
    __rt_lib_shutdown_heap_1                 0x080001b5   Thumb Code     0  libshutdown2.o(.ARM.Collect$$libshutdown$$0000000F)
    __rt_lib_shutdown_return                 0x080001b5   Thumb Code     0  libshutdown2.o(.ARM.Collect$$libshutdown$$00000010)
    __rt_lib_shutdown_signal_1               0x080001b5   Thumb Code     0  libshutdown2.o(.ARM.Collect$$libshutdown$$0000000A)
    __rt_lib_shutdown_stdio_1                0x080001b5   Thumb Code     0  libshutdown2.o(.ARM.Collect$$libshutdown$$00000004)
    __rt_lib_shutdown_user_alloc_1           0x080001b5   Thumb Code     0  libshutdown2.o(.ARM.Collect$$libshutdown$$0000000C)
    __rt_entry                               0x080001b7   Thumb Code     0  __rtentry.o(.ARM.Collect$$rtentry$$00000000)
    __rt_entry_presh_1                       0x080001b7   Thumb Code     0  __rtentry2.o(.ARM.Collect$$rtentry$$00000002)
    __rt_entry_sh                            0x080001b7   Thumb Code     0  __rtentry4.o(.ARM.Collect$$rtentry$$00000004)
    __rt_entry_li                            0x080001bd   Thumb Code     0  __rtentry2.o(.ARM.Collect$$rtentry$$0000000A)
    __rt_entry_postsh_1                      0x080001bd   Thumb Code     0  __rtentry2.o(.ARM.Collect$$rtentry$$00000009)
    __rt_entry_main                          0x080001c1   Thumb Code     0  __rtentry2.o(.ARM.Collect$$rtentry$$0000000D)
    __rt_entry_postli_1                      0x080001c1   Thumb Code     0  __rtentry2.o(.ARM.Collect$$rtentry$$0000000C)
    __rt_exit                                0x080001c9   Thumb Code     0  rtexit.o(.ARM.Collect$$rtexit$$00000000)
    __rt_exit_ls                             0x080001cb   Thumb Code     0  rtexit2.o(.ARM.Collect$$rtexit$$00000003)
    __rt_exit_prels_1                        0x080001cb   Thumb Code     0  rtexit2.o(.ARM.Collect$$rtexit$$00000002)
    __rt_exit_exit                           0x080001cf   Thumb Code     0  rtexit2.o(.ARM.Collect$$rtexit$$00000004)
    main                                     0x080001d5   Thumb Code   918  main.o(.text)
    NMI_Handler                              0x080005e1   Thumb Code     2  stm32f10x_it.o(.text)
    HardFault_Handler                        0x080005e3   Thumb Code     4  stm32f10x_it.o(.text)
    MemManage_Handler                        0x080005e7   Thumb Code     4  stm32f10x_it.o(.text)
    BusFault_Handler                         0x080005eb   Thumb Code     4  stm32f10x_it.o(.text)
    UsageFault_Handler                       0x080005ef   Thumb Code     4  stm32f10x_it.o(.text)
    SVC_Handler                              0x080005f3   Thumb Code     2  stm32f10x_it.o(.text)
    DebugMon_Handler                         0x080005f5   Thumb Code     2  stm32f10x_it.o(.text)
    PendSV_Handler                           0x080005f7   Thumb Code     2  stm32f10x_it.o(.text)
    SysTick_Handler                          0x080005f9   Thumb Code     2  stm32f10x_it.o(.text)
    SystemInit                               0x080006db   Thumb Code    78  system_stm32f10x.o(.text)
    SystemCoreClockUpdate                    0x08000729   Thumb Code   142  system_stm32f10x.o(.text)
    LED_Init                                 0x080007dd   Thumb Code    48  led.o(.text)
    LCD_WR_REG                               0x08000815   Thumb Code    28  lcd.o(.text)
    LCD_WR_DATAX                             0x08000831   Thumb Code    28  lcd.o(.text)
    LCD_RD_DATA                              0x0800084d   Thumb Code    98  lcd.o(.text)
    LCD_WriteReg                             0x080008af   Thumb Code    40  lcd.o(.text)
    LCD_ReadReg                              0x080008d7   Thumb Code    16  lcd.o(.text)
    LCD_WriteRAM_Prepare                     0x080008e7   Thumb Code    12  lcd.o(.text)
    LCD_WriteRAM                             0x080008f3   Thumb Code    28  lcd.o(.text)
    LCD_BGR2RGB                              0x0800090f   Thumb Code    26  lcd.o(.text)
    opt_delay                                0x08000929   Thumb Code    14  lcd.o(.text)
    LCD_SetCursor                            0x08000937   Thumb Code   956  lcd.o(.text)
    LCD_ReadPoint                            0x08000cf3   Thumb Code   506  lcd.o(.text)
    LCD_DisplayOn                            0x08000eed   Thumb Code    92  lcd.o(.text)
    LCD_DisplayOff                           0x08000f49   Thumb Code    90  lcd.o(.text)
    LCD_Scan_Dir                             0x08000fa3   Thumb Code  1126  lcd.o(.text)
    LCD_DrawPoint                            0x08001409   Thumb Code    52  lcd.o(.text)
    LCD_Fast_DrawPoint                       0x0800143d   Thumb Code   854  lcd.o(.text)
    LCD_SSD_BackLightSet                     0x08001793   Thumb Code   220  lcd.o(.text)
    LCD_Display_Dir                          0x0800186f   Thumb Code   444  lcd.o(.text)
    LCD_Set_Window                           0x08001a2b   Thumb Code  1078  lcd.o(.text)
    LCD_Clear                                0x08001e61   Thumb Code   122  lcd.o(.text)
    LCD_Init                                 0x08001edb   Thumb Code 15298  lcd.o(.text)
    LCD_Fill                                 0x08005a9d   Thumb Code   200  lcd.o(.text)
    LCD_Color_Fill                           0x08005b65   Thumb Code   116  lcd.o(.text)
    LCD_DrawLine                             0x08005bd9   Thumb Code   176  lcd.o(.text)
    LCD_DrawRectangle                        0x08005c89   Thumb Code    60  lcd.o(.text)
    LCD_Draw_Circle                          0x08005cc5   Thumb Code   152  lcd.o(.text)
    LCD_ShowChar                             0x08005d5d   Thumb Code   272  lcd.o(.text)
    LCD_Pow                                  0x08005e6d   Thumb Code    22  lcd.o(.text)
    LCD_ShowNum                              0x08005e83   Thumb Code   180  lcd.o(.text)
    LCD_ShowxNum                             0x08005f37   Thumb Code   190  lcd.o(.text)
    LCD_ShowString                           0x08005ff5   Thumb Code   102  lcd.o(.text)
    ADC_DMA_Config                           0x0800605d   Thumb Code    82  adc.o(.text)
    Adc_Init                                 0x080060af   Thumb Code   226  adc.o(.text)
    ReadADCAverageValue                      0x08006191   Thumb Code    44  adc.o(.text)
    TIM1_PWMout_Init                         0x080061cd   Thumb Code   144  pwm.o(.text)
    TIM2_Cap_Init                            0x0800625d   Thumb Code   162  pwm.o(.text)
    TIM2_IRQHandler                          0x080062ff   Thumb Code   186  pwm.o(.text)
    SD_SPI_ReadWriteByte                     0x080063cd   Thumb Code    12  mmc_sd.o(.text)
    SD_SPI_SpeedLow                          0x080063d9   Thumb Code    10  mmc_sd.o(.text)
    SD_SPI_SpeedHigh                         0x080063e3   Thumb Code    10  mmc_sd.o(.text)
    SD_SPI_Init                              0x080063ed   Thumb Code    56  mmc_sd.o(.text)
    SD_DisSelect                             0x08006425   Thumb Code    16  mmc_sd.o(.text)
    SD_WaitReady                             0x08006435   Thumb Code    34  mmc_sd.o(.text)
    SD_Select                                0x08006457   Thumb Code    26  mmc_sd.o(.text)
    SD_GetResponse                           0x08006471   Thumb Code    38  mmc_sd.o(.text)
    SD_RecvData                              0x08006497   Thumb Code    56  mmc_sd.o(.text)
    SD_SendBlock                             0x080064cf   Thumb Code    82  mmc_sd.o(.text)
    SD_SendCmd                               0x08006521   Thumb Code   120  mmc_sd.o(.text)
    SD_GetCID                                0x08006599   Thumb Code    42  mmc_sd.o(.text)
    SD_GetCSD                                0x080065c3   Thumb Code    42  mmc_sd.o(.text)
    SD_GetSectorCount                        0x080065ed   Thumb Code   118  mmc_sd.o(.text)
    SD_Initialize                            0x08006663   Thumb Code   398  mmc_sd.o(.text)
    SD_ReadDisk                              0x080067f1   Thumb Code   112  mmc_sd.o(.text)
    SD_WriteDisk                             0x08006861   Thumb Code   140  mmc_sd.o(.text)
    SPI1_ReadWriteByte                       0x080068f1   Thumb Code    78  spi.o(.text)
    SPI1_Init                                0x0800693f   Thumb Code   108  spi.o(.text)
    SPI1_SetSpeed                            0x080069ab   Thumb Code    26  spi.o(.text)
    delay_init                               0x080069d1   Thumb Code    50  delay.o(.text)
    delay_us                                 0x08006a03   Thumb Code    72  delay.o(.text)
    delay_ms                                 0x08006a4b   Thumb Code    72  delay.o(.text)
    _sys_exit                                0x08006aa5   Thumb Code     4  usart.o(.text)
    fputc                                    0x08006aa9   Thumb Code    24  usart.o(.text)
    uart_init                                0x08006ac1   Thumb Code   152  usart.o(.text)
    USART1_IRQHandler                        0x08006b59   Thumb Code   122  usart.o(.text)
    Reset_Handler                            0x08006be5   Thumb Code     8  startup_stm32f10x_hd.o(.text)
    ADC1_2_IRQHandler                        0x08006bff   Thumb Code     0  startup_stm32f10x_hd.o(.text)
    ADC3_IRQHandler                          0x08006bff   Thumb Code     0  startup_stm32f10x_hd.o(.text)
    CAN1_RX1_IRQHandler                      0x08006bff   Thumb Code     0  startup_stm32f10x_hd.o(.text)
    CAN1_SCE_IRQHandler                      0x08006bff   Thumb Code     0  startup_stm32f10x_hd.o(.text)
    DMA1_Channel1_IRQHandler                 0x08006bff   Thumb Code     0  startup_stm32f10x_hd.o(.text)
    DMA1_Channel2_IRQHandler                 0x08006bff   Thumb Code     0  startup_stm32f10x_hd.o(.text)
    DMA1_Channel3_IRQHandler                 0x08006bff   Thumb Code     0  startup_stm32f10x_hd.o(.text)
    DMA1_Channel4_IRQHandler                 0x08006bff   Thumb Code     0  startup_stm32f10x_hd.o(.text)
    DMA1_Channel5_IRQHandler                 0x08006bff   Thumb Code     0  startup_stm32f10x_hd.o(.text)
    DMA1_Channel6_IRQHandler                 0x08006bff   Thumb Code     0  startup_stm32f10x_hd.o(.text)
    DMA1_Channel7_IRQHandler                 0x08006bff   Thumb Code     0  startup_stm32f10x_hd.o(.text)
    DMA2_Channel1_IRQHandler                 0x08006bff   Thumb Code     0  startup_stm32f10x_hd.o(.text)
    DMA2_Channel2_IRQHandler                 0x08006bff   Thumb Code     0  startup_stm32f10x_hd.o(.text)
    DMA2_Channel3_IRQHandler                 0x08006bff   Thumb Code     0  startup_stm32f10x_hd.o(.text)
    DMA2_Channel4_5_IRQHandler               0x08006bff   Thumb Code     0  startup_stm32f10x_hd.o(.text)
    EXTI0_IRQHandler                         0x08006bff   Thumb Code     0  startup_stm32f10x_hd.o(.text)
    EXTI15_10_IRQHandler                     0x08006bff   Thumb Code     0  startup_stm32f10x_hd.o(.text)
    EXTI1_IRQHandler                         0x08006bff   Thumb Code     0  startup_stm32f10x_hd.o(.text)
    EXTI2_IRQHandler                         0x08006bff   Thumb Code     0  startup_stm32f10x_hd.o(.text)
    EXTI3_IRQHandler                         0x08006bff   Thumb Code     0  startup_stm32f10x_hd.o(.text)
    EXTI4_IRQHandler                         0x08006bff   Thumb Code     0  startup_stm32f10x_hd.o(.text)
    EXTI9_5_IRQHandler                       0x08006bff   Thumb Code     0  startup_stm32f10x_hd.o(.text)
    FLASH_IRQHandler                         0x08006bff   Thumb Code     0  startup_stm32f10x_hd.o(.text)
    FSMC_IRQHandler                          0x08006bff   Thumb Code     0  startup_stm32f10x_hd.o(.text)
    I2C1_ER_IRQHandler                       0x08006bff   Thumb Code     0  startup_stm32f10x_hd.o(.text)
    I2C1_EV_IRQHandler                       0x08006bff   Thumb Code     0  startup_stm32f10x_hd.o(.text)
    I2C2_ER_IRQHandler                       0x08006bff   Thumb Code     0  startup_stm32f10x_hd.o(.text)
    I2C2_EV_IRQHandler                       0x08006bff   Thumb Code     0  startup_stm32f10x_hd.o(.text)
    PVD_IRQHandler                           0x08006bff   Thumb Code     0  startup_stm32f10x_hd.o(.text)
    RCC_IRQHandler                           0x08006bff   Thumb Code     0  startup_stm32f10x_hd.o(.text)
    RTCAlarm_IRQHandler                      0x08006bff   Thumb Code     0  startup_stm32f10x_hd.o(.text)
    RTC_IRQHandler                           0x08006bff   Thumb Code     0  startup_stm32f10x_hd.o(.text)
    SDIO_IRQHandler                          0x08006bff   Thumb Code     0  startup_stm32f10x_hd.o(.text)
    SPI1_IRQHandler                          0x08006bff   Thumb Code     0  startup_stm32f10x_hd.o(.text)
    SPI2_IRQHandler                          0x08006bff   Thumb Code     0  startup_stm32f10x_hd.o(.text)
    SPI3_IRQHandler                          0x08006bff   Thumb Code     0  startup_stm32f10x_hd.o(.text)
    TAMPER_IRQHandler                        0x08006bff   Thumb Code     0  startup_stm32f10x_hd.o(.text)
    TIM1_BRK_IRQHandler                      0x08006bff   Thumb Code     0  startup_stm32f10x_hd.o(.text)
    TIM1_CC_IRQHandler                       0x08006bff   Thumb Code     0  startup_stm32f10x_hd.o(.text)
    TIM1_TRG_COM_IRQHandler                  0x08006bff   Thumb Code     0  startup_stm32f10x_hd.o(.text)
    TIM1_UP_IRQHandler                       0x08006bff   Thumb Code     0  startup_stm32f10x_hd.o(.text)
    TIM3_IRQHandler                          0x08006bff   Thumb Code     0  startup_stm32f10x_hd.o(.text)
    TIM4_IRQHandler                          0x08006bff   Thumb Code     0  startup_stm32f10x_hd.o(.text)
    TIM5_IRQHandler                          0x08006bff   Thumb Code     0  startup_stm32f10x_hd.o(.text)
    TIM6_IRQHandler                          0x08006bff   Thumb Code     0  startup_stm32f10x_hd.o(.text)
    TIM7_IRQHandler                          0x08006bff   Thumb Code     0  startup_stm32f10x_hd.o(.text)
    TIM8_BRK_IRQHandler                      0x08006bff   Thumb Code     0  startup_stm32f10x_hd.o(.text)
    TIM8_CC_IRQHandler                       0x08006bff   Thumb Code     0  startup_stm32f10x_hd.o(.text)
    TIM8_TRG_COM_IRQHandler                  0x08006bff   Thumb Code     0  startup_stm32f10x_hd.o(.text)
    TIM8_UP_IRQHandler                       0x08006bff   Thumb Code     0  startup_stm32f10x_hd.o(.text)
    UART4_IRQHandler                         0x08006bff   Thumb Code     0  startup_stm32f10x_hd.o(.text)
    UART5_IRQHandler                         0x08006bff   Thumb Code     0  startup_stm32f10x_hd.o(.text)
    USART2_IRQHandler                        0x08006bff   Thumb Code     0  startup_stm32f10x_hd.o(.text)
    USART3_IRQHandler                        0x08006bff   Thumb Code     0  startup_stm32f10x_hd.o(.text)
    USBWakeUp_IRQHandler                     0x08006bff   Thumb Code     0  startup_stm32f10x_hd.o(.text)
    USB_HP_CAN1_TX_IRQHandler                0x08006bff   Thumb Code     0  startup_stm32f10x_hd.o(.text)
    USB_LP_CAN1_RX0_IRQHandler               0x08006bff   Thumb Code     0  startup_stm32f10x_hd.o(.text)
    WWDG_IRQHandler                          0x08006bff   Thumb Code     0  startup_stm32f10x_hd.o(.text)
    __user_initial_stackheap                 0x08006c01   Thumb Code     0  startup_stm32f10x_hd.o(.text)
    GPIO_DeInit                              0x08006c25   Thumb Code   172  stm32f10x_gpio.o(.text)
    GPIO_AFIODeInit                          0x08006cd1   Thumb Code    20  stm32f10x_gpio.o(.text)
    GPIO_Init                                0x08006ce5   Thumb Code   278  stm32f10x_gpio.o(.text)
    GPIO_StructInit                          0x08006dfb   Thumb Code    16  stm32f10x_gpio.o(.text)
    GPIO_ReadInputDataBit                    0x08006e0b   Thumb Code    18  stm32f10x_gpio.o(.text)
    GPIO_ReadInputData                       0x08006e1d   Thumb Code     8  stm32f10x_gpio.o(.text)
    GPIO_ReadOutputDataBit                   0x08006e25   Thumb Code    18  stm32f10x_gpio.o(.text)
    GPIO_ReadOutputData                      0x08006e37   Thumb Code     8  stm32f10x_gpio.o(.text)
    GPIO_SetBits                             0x08006e3f   Thumb Code     4  stm32f10x_gpio.o(.text)
    GPIO_ResetBits                           0x08006e43   Thumb Code     4  stm32f10x_gpio.o(.text)
    GPIO_WriteBit                            0x08006e47   Thumb Code    10  stm32f10x_gpio.o(.text)
    GPIO_Write                               0x08006e51   Thumb Code     4  stm32f10x_gpio.o(.text)
    GPIO_PinLockConfig                       0x08006e55   Thumb Code    18  stm32f10x_gpio.o(.text)
    GPIO_EventOutputConfig                   0x08006e67   Thumb Code    26  stm32f10x_gpio.o(.text)
    GPIO_EventOutputCmd                      0x08006e81   Thumb Code     6  stm32f10x_gpio.o(.text)
    GPIO_PinRemapConfig                      0x08006e87   Thumb Code   138  stm32f10x_gpio.o(.text)
    GPIO_EXTILineConfig                      0x08006f11   Thumb Code    66  stm32f10x_gpio.o(.text)
    GPIO_ETH_MediaInterfaceConfig            0x08006f53   Thumb Code     8  stm32f10x_gpio.o(.text)
    RCC_DeInit                               0x08006f81   Thumb Code    64  stm32f10x_rcc.o(.text)
    RCC_HSEConfig                            0x08006fc1   Thumb Code    70  stm32f10x_rcc.o(.text)
    RCC_GetFlagStatus                        0x08007007   Thumb Code    56  stm32f10x_rcc.o(.text)
    RCC_WaitForHSEStartUp                    0x0800703f   Thumb Code    56  stm32f10x_rcc.o(.text)
    RCC_AdjustHSICalibrationValue            0x08007077   Thumb Code    20  stm32f10x_rcc.o(.text)
    RCC_HSICmd                               0x0800708b   Thumb Code     6  stm32f10x_rcc.o(.text)
    RCC_PLLConfig                            0x08007091   Thumb Code    24  stm32f10x_rcc.o(.text)
    RCC_PLLCmd                               0x080070a9   Thumb Code     6  stm32f10x_rcc.o(.text)
    RCC_SYSCLKConfig                         0x080070af   Thumb Code    18  stm32f10x_rcc.o(.text)
    RCC_GetSYSCLKSource                      0x080070c1   Thumb Code    10  stm32f10x_rcc.o(.text)
    RCC_HCLKConfig                           0x080070cb   Thumb Code    18  stm32f10x_rcc.o(.text)
    RCC_PCLK1Config                          0x080070dd   Thumb Code    18  stm32f10x_rcc.o(.text)
    RCC_PCLK2Config                          0x080070ef   Thumb Code    20  stm32f10x_rcc.o(.text)
    RCC_ITConfig                             0x08007103   Thumb Code    26  stm32f10x_rcc.o(.text)
    RCC_USBCLKConfig                         0x0800711d   Thumb Code     8  stm32f10x_rcc.o(.text)
    RCC_ADCCLKConfig                         0x08007125   Thumb Code    18  stm32f10x_rcc.o(.text)
    RCC_LSEConfig                            0x08007137   Thumb Code    50  stm32f10x_rcc.o(.text)
    RCC_LSICmd                               0x08007169   Thumb Code     6  stm32f10x_rcc.o(.text)
    RCC_RTCCLKConfig                         0x0800716f   Thumb Code    12  stm32f10x_rcc.o(.text)
    RCC_RTCCLKCmd                            0x0800717b   Thumb Code     8  stm32f10x_rcc.o(.text)
    RCC_GetClocksFreq                        0x08007183   Thumb Code   192  stm32f10x_rcc.o(.text)
    RCC_AHBPeriphClockCmd                    0x08007243   Thumb Code    26  stm32f10x_rcc.o(.text)
    RCC_APB2PeriphClockCmd                   0x0800725d   Thumb Code    26  stm32f10x_rcc.o(.text)
    RCC_APB1PeriphClockCmd                   0x08007277   Thumb Code    26  stm32f10x_rcc.o(.text)
    RCC_APB2PeriphResetCmd                   0x08007291   Thumb Code    26  stm32f10x_rcc.o(.text)
    RCC_APB1PeriphResetCmd                   0x080072ab   Thumb Code    26  stm32f10x_rcc.o(.text)
    RCC_BackupResetCmd                       0x080072c5   Thumb Code     8  stm32f10x_rcc.o(.text)
    RCC_ClockSecuritySystemCmd               0x080072cd   Thumb Code     6  stm32f10x_rcc.o(.text)
    RCC_MCOConfig                            0x080072d3   Thumb Code     6  stm32f10x_rcc.o(.text)
    RCC_ClearFlag                            0x080072d9   Thumb Code    14  stm32f10x_rcc.o(.text)
    RCC_GetITStatus                          0x080072e7   Thumb Code    20  stm32f10x_rcc.o(.text)
    RCC_ClearITPendingBit                    0x080072fb   Thumb Code     6  stm32f10x_rcc.o(.text)
    USART_DeInit                             0x08007325   Thumb Code   134  stm32f10x_usart.o(.text)
    USART_Init                               0x080073ab   Thumb Code   210  stm32f10x_usart.o(.text)
    USART_StructInit                         0x0800747d   Thumb Code    24  stm32f10x_usart.o(.text)
    USART_ClockInit                          0x08007495   Thumb Code    34  stm32f10x_usart.o(.text)
    USART_ClockStructInit                    0x080074b7   Thumb Code    12  stm32f10x_usart.o(.text)
    USART_Cmd                                0x080074c3   Thumb Code    24  stm32f10x_usart.o(.text)
    USART_ITConfig                           0x080074db   Thumb Code    74  stm32f10x_usart.o(.text)
    USART_DMACmd                             0x08007525   Thumb Code    18  stm32f10x_usart.o(.text)
    USART_SetAddress                         0x08007537   Thumb Code    18  stm32f10x_usart.o(.text)
    USART_WakeUpConfig                       0x08007549   Thumb Code    18  stm32f10x_usart.o(.text)
    USART_ReceiverWakeUpCmd                  0x0800755b   Thumb Code    24  stm32f10x_usart.o(.text)
    USART_LINBreakDetectLengthConfig         0x08007573   Thumb Code    18  stm32f10x_usart.o(.text)
    USART_LINCmd                             0x08007585   Thumb Code    24  stm32f10x_usart.o(.text)
    USART_SendData                           0x0800759d   Thumb Code     8  stm32f10x_usart.o(.text)
    USART_ReceiveData                        0x080075a5   Thumb Code    10  stm32f10x_usart.o(.text)
    USART_SendBreak                          0x080075af   Thumb Code    10  stm32f10x_usart.o(.text)
    USART_SetGuardTime                       0x080075b9   Thumb Code    16  stm32f10x_usart.o(.text)
    USART_SetPrescaler                       0x080075c9   Thumb Code    16  stm32f10x_usart.o(.text)
    USART_SmartCardCmd                       0x080075d9   Thumb Code    24  stm32f10x_usart.o(.text)
    USART_SmartCardNACKCmd                   0x080075f1   Thumb Code    24  stm32f10x_usart.o(.text)
    USART_HalfDuplexCmd                      0x08007609   Thumb Code    24  stm32f10x_usart.o(.text)
    USART_OverSampling8Cmd                   0x08007621   Thumb Code    22  stm32f10x_usart.o(.text)
    USART_OneBitMethodCmd                    0x08007637   Thumb Code    24  stm32f10x_usart.o(.text)
    USART_IrDAConfig                         0x0800764f   Thumb Code    18  stm32f10x_usart.o(.text)
    USART_IrDACmd                            0x08007661   Thumb Code    24  stm32f10x_usart.o(.text)
    USART_GetFlagStatus                      0x08007679   Thumb Code    26  stm32f10x_usart.o(.text)
    USART_ClearFlag                          0x08007693   Thumb Code    18  stm32f10x_usart.o(.text)
    USART_GetITStatus                        0x080076a5   Thumb Code    84  stm32f10x_usart.o(.text)
    USART_ClearITPendingBit                  0x080076f9   Thumb Code    52  stm32f10x_usart.o(.text)
    NVIC_PriorityGroupConfig                 0x0800772d   Thumb Code    10  misc.o(.text)
    NVIC_Init                                0x08007737   Thumb Code   100  misc.o(.text)
    NVIC_SetVectorTable                      0x0800779b   Thumb Code    14  misc.o(.text)
    NVIC_SystemLPConfig                      0x080077a9   Thumb Code    34  misc.o(.text)
    SysTick_CLKSourceConfig                  0x080077cb   Thumb Code    40  misc.o(.text)
    ADC_DeInit                               0x08007809   Thumb Code    78  stm32f10x_adc.o(.text)
    ADC_Init                                 0x08007857   Thumb Code    70  stm32f10x_adc.o(.text)
    ADC_StructInit                           0x0800789d   Thumb Code    18  stm32f10x_adc.o(.text)
    ADC_Cmd                                  0x080078af   Thumb Code    22  stm32f10x_adc.o(.text)
    ADC_DMACmd                               0x080078c5   Thumb Code    22  stm32f10x_adc.o(.text)
    ADC_ITConfig                             0x080078db   Thumb Code    24  stm32f10x_adc.o(.text)
    ADC_ResetCalibration                     0x080078f3   Thumb Code    10  stm32f10x_adc.o(.text)
    ADC_GetResetCalibrationStatus            0x080078fd   Thumb Code    20  stm32f10x_adc.o(.text)
    ADC_StartCalibration                     0x08007911   Thumb Code    10  stm32f10x_adc.o(.text)
    ADC_GetCalibrationStatus                 0x0800791b   Thumb Code    20  stm32f10x_adc.o(.text)
    ADC_SoftwareStartConvCmd                 0x0800792f   Thumb Code    22  stm32f10x_adc.o(.text)
    ADC_GetSoftwareStartConvStatus           0x08007945   Thumb Code    20  stm32f10x_adc.o(.text)
    ADC_DiscModeChannelCountConfig           0x08007959   Thumb Code    24  stm32f10x_adc.o(.text)
    ADC_DiscModeCmd                          0x08007971   Thumb Code    22  stm32f10x_adc.o(.text)
    ADC_RegularChannelConfig                 0x08007987   Thumb Code   184  stm32f10x_adc.o(.text)
    ADC_ExternalTrigConvCmd                  0x08007a3f   Thumb Code    22  stm32f10x_adc.o(.text)
    ADC_GetConversionValue                   0x08007a55   Thumb Code     8  stm32f10x_adc.o(.text)
    ADC_GetDualModeConversionValue           0x08007a5d   Thumb Code     8  stm32f10x_adc.o(.text)
    ADC_AutoInjectedConvCmd                  0x08007a65   Thumb Code    22  stm32f10x_adc.o(.text)
    ADC_InjectedDiscModeCmd                  0x08007a7b   Thumb Code    22  stm32f10x_adc.o(.text)
    ADC_ExternalTrigInjectedConvConfig       0x08007a91   Thumb Code    16  stm32f10x_adc.o(.text)
    ADC_ExternalTrigInjectedConvCmd          0x08007aa1   Thumb Code    22  stm32f10x_adc.o(.text)
    ADC_SoftwareStartInjectedConvCmd         0x08007ab7   Thumb Code    22  stm32f10x_adc.o(.text)
    ADC_GetSoftwareStartInjectedConvCmdStatus 0x08007acd   Thumb Code    20  stm32f10x_adc.o(.text)
    ADC_InjectedChannelConfig                0x08007ae1   Thumb Code   130  stm32f10x_adc.o(.text)
    ADC_InjectedSequencerLengthConfig        0x08007b63   Thumb Code    24  stm32f10x_adc.o(.text)
    ADC_SetInjectedOffset                    0x08007b7b   Thumb Code    20  stm32f10x_adc.o(.text)
    ADC_GetInjectedConversionValue           0x08007b8f   Thumb Code    28  stm32f10x_adc.o(.text)
    ADC_AnalogWatchdogCmd                    0x08007bab   Thumb Code    16  stm32f10x_adc.o(.text)
    ADC_AnalogWatchdogThresholdsConfig       0x08007bbb   Thumb Code     6  stm32f10x_adc.o(.text)
    ADC_AnalogWatchdogSingleChannelConfig    0x08007bc1   Thumb Code    16  stm32f10x_adc.o(.text)
    ADC_TempSensorVrefintCmd                 0x08007bd1   Thumb Code    64  stm32f10x_adc.o(.text)
    ADC_GetFlagStatus                        0x08007c11   Thumb Code    18  stm32f10x_adc.o(.text)
    ADC_ClearFlag                            0x08007c23   Thumb Code     6  stm32f10x_adc.o(.text)
    ADC_GetITStatus                          0x08007c29   Thumb Code    36  stm32f10x_adc.o(.text)
    ADC_ClearITPendingBit                    0x08007c4d   Thumb Code    10  stm32f10x_adc.o(.text)
    TIM_DeInit                               0x08007c59   Thumb Code   424  stm32f10x_tim.o(.text)
    TIM_TimeBaseInit                         0x08007e01   Thumb Code   122  stm32f10x_tim.o(.text)
    TIM_OC1Init                              0x08007e7b   Thumb Code   132  stm32f10x_tim.o(.text)
    TIM_OC2Init                              0x08007eff   Thumb Code   154  stm32f10x_tim.o(.text)
    TIM_OC3Init                              0x08007f99   Thumb Code   150  stm32f10x_tim.o(.text)
    TIM_OC4Init                              0x0800802f   Thumb Code   182  stm32f10x_tim.o(.text)
    TIM_SetIC4Prescaler                      0x080080e5   Thumb Code    26  stm32f10x_tim.o(.text)
    TIM_SetIC3Prescaler                      0x08008181   Thumb Code    18  stm32f10x_tim.o(.text)
    TIM_SetIC2Prescaler                      0x0800820d   Thumb Code    26  stm32f10x_tim.o(.text)
    TIM_SetIC1Prescaler                      0x080082a9   Thumb Code    18  stm32f10x_tim.o(.text)
    TIM_ICInit                               0x08008327   Thumb Code   150  stm32f10x_tim.o(.text)
    TIM_PWMIConfig                           0x080083bd   Thumb Code   124  stm32f10x_tim.o(.text)
    TIM_BDTRConfig                           0x08008439   Thumb Code    32  stm32f10x_tim.o(.text)
    TIM_TimeBaseStructInit                   0x08008459   Thumb Code    18  stm32f10x_tim.o(.text)
    TIM_OCStructInit                         0x0800846b   Thumb Code    20  stm32f10x_tim.o(.text)
    TIM_ICStructInit                         0x0800847f   Thumb Code    18  stm32f10x_tim.o(.text)
    TIM_BDTRStructInit                       0x08008491   Thumb Code    40  stm32f10x_tim.o(.text)
    TIM_Cmd                                  0x080084b9   Thumb Code    24  stm32f10x_tim.o(.text)
    TIM_CtrlPWMOutputs                       0x080084d1   Thumb Code    30  stm32f10x_tim.o(.text)
    TIM_ITConfig                             0x080084ef   Thumb Code    18  stm32f10x_tim.o(.text)
    TIM_GenerateEvent                        0x08008501   Thumb Code     4  stm32f10x_tim.o(.text)
    TIM_DMAConfig                            0x08008505   Thumb Code    10  stm32f10x_tim.o(.text)
    TIM_DMACmd                               0x0800850f   Thumb Code    18  stm32f10x_tim.o(.text)
    TIM_InternalClockConfig                  0x08008521   Thumb Code    12  stm32f10x_tim.o(.text)
    TIM_SelectInputTrigger                   0x0800852d   Thumb Code    18  stm32f10x_tim.o(.text)
    TIM_ITRxExternalClockConfig              0x0800853f   Thumb Code    24  stm32f10x_tim.o(.text)
    TIM_TIxExternalClockConfig               0x08008557   Thumb Code    62  stm32f10x_tim.o(.text)
    TIM_ETRConfig                            0x08008595   Thumb Code    28  stm32f10x_tim.o(.text)
    TIM_ETRClockMode1Config                  0x080085b1   Thumb Code    54  stm32f10x_tim.o(.text)
    TIM_ETRClockMode2Config                  0x080085e7   Thumb Code    32  stm32f10x_tim.o(.text)
    TIM_PrescalerConfig                      0x08008607   Thumb Code     6  stm32f10x_tim.o(.text)
    TIM_CounterModeConfig                    0x0800860d   Thumb Code    18  stm32f10x_tim.o(.text)
    TIM_EncoderInterfaceConfig               0x0800861f   Thumb Code    66  stm32f10x_tim.o(.text)
    TIM_ForcedOC1Config                      0x08008661   Thumb Code    18  stm32f10x_tim.o(.text)
    TIM_ForcedOC2Config                      0x08008673   Thumb Code    26  stm32f10x_tim.o(.text)
    TIM_ForcedOC3Config                      0x0800868d   Thumb Code    18  stm32f10x_tim.o(.text)
    TIM_ForcedOC4Config                      0x0800869f   Thumb Code    26  stm32f10x_tim.o(.text)
    TIM_ARRPreloadConfig                     0x080086b9   Thumb Code    24  stm32f10x_tim.o(.text)
    TIM_SelectCOM                            0x080086d1   Thumb Code    24  stm32f10x_tim.o(.text)
    TIM_SelectCCDMA                          0x080086e9   Thumb Code    24  stm32f10x_tim.o(.text)
    TIM_CCPreloadControl                     0x08008701   Thumb Code    24  stm32f10x_tim.o(.text)
    TIM_OC1PreloadConfig                     0x08008719   Thumb Code    18  stm32f10x_tim.o(.text)
    TIM_OC2PreloadConfig                     0x0800872b   Thumb Code    26  stm32f10x_tim.o(.text)
    TIM_OC3PreloadConfig                     0x08008745   Thumb Code    18  stm32f10x_tim.o(.text)
    TIM_OC4PreloadConfig                     0x08008757   Thumb Code    26  stm32f10x_tim.o(.text)
    TIM_OC1FastConfig                        0x08008771   Thumb Code    18  stm32f10x_tim.o(.text)
    TIM_OC2FastConfig                        0x08008783   Thumb Code    26  stm32f10x_tim.o(.text)
    TIM_OC3FastConfig                        0x0800879d   Thumb Code    18  stm32f10x_tim.o(.text)
    TIM_OC4FastConfig                        0x080087af   Thumb Code    26  stm32f10x_tim.o(.text)
    TIM_ClearOC1Ref                          0x080087c9   Thumb Code    18  stm32f10x_tim.o(.text)
    TIM_ClearOC2Ref                          0x080087db   Thumb Code    24  stm32f10x_tim.o(.text)
    TIM_ClearOC3Ref                          0x080087f3   Thumb Code    18  stm32f10x_tim.o(.text)
    TIM_ClearOC4Ref                          0x08008805   Thumb Code    24  stm32f10x_tim.o(.text)
    TIM_OC1PolarityConfig                    0x0800881d   Thumb Code    18  stm32f10x_tim.o(.text)
    TIM_OC1NPolarityConfig                   0x0800882f   Thumb Code    18  stm32f10x_tim.o(.text)
    TIM_OC2PolarityConfig                    0x08008841   Thumb Code    26  stm32f10x_tim.o(.text)
    TIM_OC2NPolarityConfig                   0x0800885b   Thumb Code    26  stm32f10x_tim.o(.text)
    TIM_OC3PolarityConfig                    0x08008875   Thumb Code    26  stm32f10x_tim.o(.text)
    TIM_OC3NPolarityConfig                   0x0800888f   Thumb Code    26  stm32f10x_tim.o(.text)
    TIM_OC4PolarityConfig                    0x080088a9   Thumb Code    26  stm32f10x_tim.o(.text)
    TIM_CCxCmd                               0x080088c3   Thumb Code    30  stm32f10x_tim.o(.text)
    TIM_CCxNCmd                              0x080088e1   Thumb Code    30  stm32f10x_tim.o(.text)
    TIM_SelectOCxM                           0x080088ff   Thumb Code    82  stm32f10x_tim.o(.text)
    TIM_UpdateDisableConfig                  0x08008951   Thumb Code    24  stm32f10x_tim.o(.text)
    TIM_UpdateRequestConfig                  0x08008969   Thumb Code    24  stm32f10x_tim.o(.text)
    TIM_SelectHallSensor                     0x08008981   Thumb Code    24  stm32f10x_tim.o(.text)
    TIM_SelectOnePulseMode                   0x08008999   Thumb Code    18  stm32f10x_tim.o(.text)
    TIM_SelectOutputTrigger                  0x080089ab   Thumb Code    18  stm32f10x_tim.o(.text)
    TIM_SelectSlaveMode                      0x080089bd   Thumb Code    18  stm32f10x_tim.o(.text)
    TIM_SelectMasterSlaveMode                0x080089cf   Thumb Code    18  stm32f10x_tim.o(.text)
    TIM_SetCounter                           0x080089e1   Thumb Code     4  stm32f10x_tim.o(.text)
    TIM_SetAutoreload                        0x080089e5   Thumb Code     4  stm32f10x_tim.o(.text)
    TIM_SetCompare1                          0x080089e9   Thumb Code     4  stm32f10x_tim.o(.text)
    TIM_SetCompare2                          0x080089ed   Thumb Code     4  stm32f10x_tim.o(.text)
    TIM_SetCompare3                          0x080089f1   Thumb Code     4  stm32f10x_tim.o(.text)
    TIM_SetCompare4                          0x080089f5   Thumb Code     6  stm32f10x_tim.o(.text)
    TIM_SetClockDivision                     0x080089fb   Thumb Code    18  stm32f10x_tim.o(.text)
    TIM_GetCapture1                          0x08008a0d   Thumb Code     6  stm32f10x_tim.o(.text)
    TIM_GetCapture2                          0x08008a13   Thumb Code     6  stm32f10x_tim.o(.text)
    TIM_GetCapture3                          0x08008a19   Thumb Code     6  stm32f10x_tim.o(.text)
    TIM_GetCapture4                          0x08008a1f   Thumb Code     8  stm32f10x_tim.o(.text)
    TIM_GetCounter                           0x08008a27   Thumb Code     6  stm32f10x_tim.o(.text)
    TIM_GetPrescaler                         0x08008a2d   Thumb Code     6  stm32f10x_tim.o(.text)
    TIM_GetFlagStatus                        0x08008a33   Thumb Code    18  stm32f10x_tim.o(.text)
    TIM_ClearFlag                            0x08008a45   Thumb Code     6  stm32f10x_tim.o(.text)
    TIM_GetITStatus                          0x08008a4b   Thumb Code    34  stm32f10x_tim.o(.text)
    TIM_ClearITPendingBit                    0x08008a6d   Thumb Code     6  stm32f10x_tim.o(.text)
    SPI_I2S_DeInit                           0x08008a75   Thumb Code    76  stm32f10x_spi.o(.text)
    SPI_Init                                 0x08008ac1   Thumb Code    60  stm32f10x_spi.o(.text)
    I2S_Init                                 0x08008afd   Thumb Code   226  stm32f10x_spi.o(.text)
    SPI_StructInit                           0x08008bdf   Thumb Code    24  stm32f10x_spi.o(.text)
    I2S_StructInit                           0x08008bf7   Thumb Code    20  stm32f10x_spi.o(.text)
    SPI_Cmd                                  0x08008c0b   Thumb Code    24  stm32f10x_spi.o(.text)
    I2S_Cmd                                  0x08008c23   Thumb Code    24  stm32f10x_spi.o(.text)
    SPI_I2S_ITConfig                         0x08008c3b   Thumb Code    32  stm32f10x_spi.o(.text)
    SPI_I2S_DMACmd                           0x08008c5b   Thumb Code    18  stm32f10x_spi.o(.text)
    SPI_I2S_SendData                         0x08008c6d   Thumb Code     4  stm32f10x_spi.o(.text)
    SPI_I2S_ReceiveData                      0x08008c71   Thumb Code     6  stm32f10x_spi.o(.text)
    SPI_NSSInternalSoftwareConfig            0x08008c77   Thumb Code    30  stm32f10x_spi.o(.text)
    SPI_SSOutputCmd                          0x08008c95   Thumb Code    24  stm32f10x_spi.o(.text)
    SPI_DataSizeConfig                       0x08008cad   Thumb Code    18  stm32f10x_spi.o(.text)
    SPI_TransmitCRC                          0x08008cbf   Thumb Code    10  stm32f10x_spi.o(.text)
    SPI_CalculateCRC                         0x08008cc9   Thumb Code    24  stm32f10x_spi.o(.text)
    SPI_GetCRC                               0x08008ce1   Thumb Code    16  stm32f10x_spi.o(.text)
    SPI_GetCRCPolynomial                     0x08008cf1   Thumb Code     6  stm32f10x_spi.o(.text)
    SPI_BiDirectionalLineConfig              0x08008cf7   Thumb Code    28  stm32f10x_spi.o(.text)
    SPI_I2S_GetFlagStatus                    0x08008d13   Thumb Code    18  stm32f10x_spi.o(.text)
    SPI_I2S_ClearFlag                        0x08008d25   Thumb Code     6  stm32f10x_spi.o(.text)
    SPI_I2S_GetITStatus                      0x08008d2b   Thumb Code    52  stm32f10x_spi.o(.text)
    SPI_I2S_ClearITPendingBit                0x08008d5f   Thumb Code    20  stm32f10x_spi.o(.text)
    DMA_DeInit                               0x08008d81   Thumb Code   324  stm32f10x_dma.o(.text)
    DMA_Init                                 0x08008ec5   Thumb Code    60  stm32f10x_dma.o(.text)
    DMA_StructInit                           0x08008f01   Thumb Code    26  stm32f10x_dma.o(.text)
    DMA_Cmd                                  0x08008f1b   Thumb Code    24  stm32f10x_dma.o(.text)
    DMA_ITConfig                             0x08008f33   Thumb Code    18  stm32f10x_dma.o(.text)
    DMA_SetCurrDataCounter                   0x08008f45   Thumb Code     4  stm32f10x_dma.o(.text)
    DMA_GetCurrDataCounter                   0x08008f49   Thumb Code     8  stm32f10x_dma.o(.text)
    DMA_GetFlagStatus                        0x08008f51   Thumb Code    40  stm32f10x_dma.o(.text)
    DMA_ClearFlag                            0x08008f79   Thumb Code    22  stm32f10x_dma.o(.text)
    DMA_GetITStatus                          0x08008f8f   Thumb Code    40  stm32f10x_dma.o(.text)
    DMA_ClearITPendingBit                    0x08008fb7   Thumb Code    22  stm32f10x_dma.o(.text)
    __use_no_semihosting                     0x08008fd5   Thumb Code     2  use_no_semi_2.o(.text)
    __2printf                                0x08008fd9   Thumb Code    20  noretval__2printf.o(.text)
    __printf                                 0x08008ff1   Thumb Code   104  __printf.o(.text)
    _printf_int_hex                          0x08009059   Thumb Code    84  _printf_hex_int.o(.text)
    _printf_longlong_hex                     0x08009059   Thumb Code     0  _printf_hex_int.o(.text)
    __use_two_region_memory                  0x080090b1   Thumb Code     2  heapauxi.o(.text)
    __rt_heap_escrow$2region                 0x080090b3   Thumb Code     2  heapauxi.o(.text)
    __rt_heap_expand$2region                 0x080090b5   Thumb Code     2  heapauxi.o(.text)
    __I$use$semihosting                      0x080090b7   Thumb Code     0  use_no_semi.o(.text)
    __use_no_semihosting_swi                 0x080090b7   Thumb Code     2  use_no_semi.o(.text)
    _printf_int_common                       0x080090b9   Thumb Code   178  _printf_intcommon.o(.text)
    _printf_char_file                        0x0800916d   Thumb Code    32  _printf_char_file.o(.text)
    _printf_char_common                      0x0800919b   Thumb Code    32  _printf_char_common.o(.text)
    ferror                                   0x080091c1   Thumb Code     8  ferror.o(.text)
    __user_setup_stackheap                   0x080091c9   Thumb Code    74  sys_stackheap_outer.o(.text)
    exit                                     0x08009213   Thumb Code    18  exit.o(.text)
    __user_libspace                          0x08009225   Thumb Code     8  libspace.o(.text)
    __user_perproc_libspace                  0x08009225   Thumb Code     0  libspace.o(.text)
    __user_perthread_libspace                0x08009225   Thumb Code     0  libspace.o(.text)
    __aeabi_d2f                              0x0800922d   Thumb Code     0  d2f.o(x$fpl$d2f)
    _d2f                                     0x0800922d   Thumb Code    98  d2f.o(x$fpl$d2f)
    __aeabi_ddiv                             0x08009291   Thumb Code     0  ddiv.o(x$fpl$ddiv)
    _ddiv                                    0x08009291   Thumb Code   552  ddiv.o(x$fpl$ddiv)
    __aeabi_d2uiz                            0x08009541   Thumb Code     0  dfixu.o(x$fpl$dfixu)
    _dfixu                                   0x08009541   Thumb Code    90  dfixu.o(x$fpl$dfixu)
    __aeabi_i2d                              0x0800959b   Thumb Code     0  dflt_clz.o(x$fpl$dflt)
    _dflt                                    0x0800959b   Thumb Code    46  dflt_clz.o(x$fpl$dflt)
    __aeabi_ui2d                             0x080095c9   Thumb Code     0  dflt_clz.o(x$fpl$dfltu)
    _dfltu                                   0x080095c9   Thumb Code    38  dflt_clz.o(x$fpl$dfltu)
    __aeabi_dmul                             0x080095f1   Thumb Code     0  dmul.o(x$fpl$dmul)
    _dmul                                    0x080095f1   Thumb Code   332  dmul.o(x$fpl$dmul)
    __fpl_dnaninf                            0x08009745   Thumb Code   156  dnaninf.o(x$fpl$dnaninf)
    __fpl_dretinf                            0x080097e1   Thumb Code    12  dretinf.o(x$fpl$dretinf)
    __aeabi_f2d                              0x080097ed   Thumb Code     0  f2d.o(x$fpl$f2d)
    _f2d                                     0x080097ed   Thumb Code    86  f2d.o(x$fpl$f2d)
    __aeabi_fadd                             0x08009845   Thumb Code     0  faddsub_clz.o(x$fpl$fadd)
    _fadd                                    0x08009845   Thumb Code   196  faddsub_clz.o(x$fpl$fadd)
    __aeabi_f2uiz                            0x08009909   Thumb Code     0  ffixu.o(x$fpl$ffixu)
    _ffixu                                   0x08009909   Thumb Code    62  ffixu.o(x$fpl$ffixu)
    __aeabi_ui2f                             0x08009949   Thumb Code     0  fflt_clz.o(x$fpl$ffltu)
    _ffltu                                   0x08009949   Thumb Code    38  fflt_clz.o(x$fpl$ffltu)
    __aeabi_fmul                             0x08009971   Thumb Code     0  fmul.o(x$fpl$fmul)
    _fmul                                    0x08009971   Thumb Code   258  fmul.o(x$fpl$fmul)
    __fpl_fnaninf                            0x08009a73   Thumb Code   140  fnaninf.o(x$fpl$fnaninf)
    __fpl_fretinf                            0x08009aff   Thumb Code    10  fretinf.o(x$fpl$fretinf)
    __aeabi_frsub                            0x08009b09   Thumb Code     0  faddsub_clz.o(x$fpl$frsb)
    _frsb                                    0x08009b09   Thumb Code    20  faddsub_clz.o(x$fpl$frsb)
    __aeabi_fsub                             0x08009b1d   Thumb Code     0  faddsub_clz.o(x$fpl$fsub)
    _fsub                                    0x08009b1d   Thumb Code   234  faddsub_clz.o(x$fpl$fsub)
    __I$use$fp                               0x08009c06   Number         0  usenofp.o(x$fpl$usenofp)
    asc2_1206                                0x08009c06   Data        1140  lcd.o(.constdata)
    asc2_1608                                0x0800a07a   Data        1520  lcd.o(.constdata)
    asc2_2412                                0x0800a66a   Data        3420  lcd.o(.constdata)
    Region$$Table$$Base                      0x0800b3f0   Number         0  anon$$obj.o(Region$$Table)
    Region$$Table$$Limit                     0x0800b410   Number         0  anon$$obj.o(Region$$Table)
    SystemCoreClock                          0x20000000   Data           4  system_stm32f10x.o(.data)
    AHBPrescTable                            0x20000004   Data          16  system_stm32f10x.o(.data)
    POINT_COLOR                              0x20000014   Data           2  lcd.o(.data)
    BACK_COLOR                               0x20000016   Data           2  lcd.o(.data)
    TIM2CH1_CAPTURE_STA                      0x20000018   Data           1  pwm.o(.data)
    TIM2CH1_CAPTURE_VAL                      0x2000001a   Data           2  pwm.o(.data)
    SD_Type                                  0x2000001c   Data           1  mmc_sd.o(.data)
    __stdout                                 0x20000024   Data           4  usart.o(.data)
    USART_RX_STA                             0x20000028   Data           2  usart.o(.data)
    lcddev                                   0x20000040   Data          14  lcd.o(.bss)
    ADC_ConvertedValue                       0x2000004e   Data         120  adc.o(.bss)
    TIM2_ICInitStructure                     0x200000c6   Data          10  pwm.o(.bss)
    SPI_InitStructure                        0x200000d0   Data          18  spi.o(.bss)
    USART_RX_BUF                             0x200000e2   Data         200  usart.o(.bss)
    __libspace_start                         0x200001ac   Data          96  libspace.o(.bss)
    __temporary_stack_top$libspace           0x2000020c   Data           0  libspace.o(.bss)



==============================================================================

Memory Map of the image

  Image Entry point : 0x08000131

  Load Region LR_IROM1 (Base: 0x08000000, Size: 0x0000b450, Max: 0x00040000, ABSOLUTE)

    Execution Region ER_IROM1 (Exec base: 0x08000000, Load base: 0x08000000, Size: 0x0000b410, Max: 0x00040000, ABSOLUTE)

    Exec Addr    Load Addr    Size         Type   Attr      Idx    E Section Name        Object

    0x08000000   0x08000000   0x00000130   Data   RO          398    RESET               startup_stm32f10x_hd.o
    0x08000130   0x08000130   0x00000008   Code   RO          556  * !!!main             c_w.l(__main.o)
    0x08000138   0x08000138   0x00000034   Code   RO          771    !!!scatter          c_w.l(__scatter.o)
    0x0800016c   0x0800016c   0x0000001a   Code   RO          773    !!handler_copy      c_w.l(__scatter_copy.o)
    0x08000186   0x08000186   0x00000002   PAD
    0x08000188   0x08000188   0x0000001c   Code   RO          775    !!handler_zi        c_w.l(__scatter_zi.o)
    0x080001a4   0x080001a4   0x00000000   Code   RO          553    .ARM.Collect$$_printf_percent$$00000000  c_w.l(_printf_percent.o)
    0x080001a4   0x080001a4   0x00000006   Code   RO          552    .ARM.Collect$$_printf_percent$$0000000C  c_w.l(_printf_x.o)
    0x080001aa   0x080001aa   0x00000004   Code   RO          603    .ARM.Collect$$_printf_percent$$00000017  c_w.l(_printf_percent_end.o)
    0x080001ae   0x080001ae   0x00000002   Code   RO          645    .ARM.Collect$$libinit$$00000000  c_w.l(libinit.o)
    0x080001b0   0x080001b0   0x00000000   Code   RO          652    .ARM.Collect$$libinit$$00000002  c_w.l(libinit2.o)
    0x080001b0   0x080001b0   0x00000000   Code   RO          654    .ARM.Collect$$libinit$$00000004  c_w.l(libinit2.o)
    0x080001b0   0x080001b0   0x00000000   Code   RO          657    .ARM.Collect$$libinit$$0000000A  c_w.l(libinit2.o)
    0x080001b0   0x080001b0   0x00000000   Code   RO          659    .ARM.Collect$$libinit$$0000000C  c_w.l(libinit2.o)
    0x080001b0   0x080001b0   0x00000000   Code   RO          661    .ARM.Collect$$libinit$$0000000E  c_w.l(libinit2.o)
    0x080001b0   0x080001b0   0x00000000   Code   RO          664    .ARM.Collect$$libinit$$00000011  c_w.l(libinit2.o)
    0x080001b0   0x080001b0   0x00000000   Code   RO          666    .ARM.Collect$$libinit$$00000013  c_w.l(libinit2.o)
    0x080001b0   0x080001b0   0x00000000   Code   RO          668    .ARM.Collect$$libinit$$00000015  c_w.l(libinit2.o)
    0x080001b0   0x080001b0   0x00000000   Code   RO          670    .ARM.Collect$$libinit$$00000017  c_w.l(libinit2.o)
    0x080001b0   0x080001b0   0x00000000   Code   RO          672    .ARM.Collect$$libinit$$00000019  c_w.l(libinit2.o)
    0x080001b0   0x080001b0   0x00000000   Code   RO          674    .ARM.Collect$$libinit$$0000001B  c_w.l(libinit2.o)
    0x080001b0   0x080001b0   0x00000000   Code   RO          676    .ARM.Collect$$libinit$$0000001D  c_w.l(libinit2.o)
    0x080001b0   0x080001b0   0x00000000   Code   RO          678    .ARM.Collect$$libinit$$0000001F  c_w.l(libinit2.o)
    0x080001b0   0x080001b0   0x00000000   Code   RO          680    .ARM.Collect$$libinit$$00000021  c_w.l(libinit2.o)
    0x080001b0   0x080001b0   0x00000000   Code   RO          682    .ARM.Collect$$libinit$$00000023  c_w.l(libinit2.o)
    0x080001b0   0x080001b0   0x00000000   Code   RO          684    .ARM.Collect$$libinit$$00000025  c_w.l(libinit2.o)
    0x080001b0   0x080001b0   0x00000000   Code   RO          688    .ARM.Collect$$libinit$$0000002C  c_w.l(libinit2.o)
    0x080001b0   0x080001b0   0x00000000   Code   RO          690    .ARM.Collect$$libinit$$0000002E  c_w.l(libinit2.o)
    0x080001b0   0x080001b0   0x00000000   Code   RO          692    .ARM.Collect$$libinit$$00000030  c_w.l(libinit2.o)
    0x080001b0   0x080001b0   0x00000000   Code   RO          694    .ARM.Collect$$libinit$$00000032  c_w.l(libinit2.o)
    0x080001b0   0x080001b0   0x00000002   Code   RO          695    .ARM.Collect$$libinit$$00000033  c_w.l(libinit2.o)
    0x080001b2   0x080001b2   0x00000002   Code   RO          713    .ARM.Collect$$libshutdown$$00000000  c_w.l(libshutdown.o)
    0x080001b4   0x080001b4   0x00000000   Code   RO          723    .ARM.Collect$$libshutdown$$00000002  c_w.l(libshutdown2.o)
    0x080001b4   0x080001b4   0x00000000   Code   RO          725    .ARM.Collect$$libshutdown$$00000004  c_w.l(libshutdown2.o)
    0x080001b4   0x080001b4   0x00000000   Code   RO          728    .ARM.Collect$$libshutdown$$00000007  c_w.l(libshutdown2.o)
    0x080001b4   0x080001b4   0x00000000   Code   RO          731    .ARM.Collect$$libshutdown$$0000000A  c_w.l(libshutdown2.o)
    0x080001b4   0x080001b4   0x00000000   Code   RO          733    .ARM.Collect$$libshutdown$$0000000C  c_w.l(libshutdown2.o)
    0x080001b4   0x080001b4   0x00000000   Code   RO          736    .ARM.Collect$$libshutdown$$0000000F  c_w.l(libshutdown2.o)
    0x080001b4   0x080001b4   0x00000002   Code   RO          737    .ARM.Collect$$libshutdown$$00000010  c_w.l(libshutdown2.o)
    0x080001b6   0x080001b6   0x00000000   Code   RO          598    .ARM.Collect$$rtentry$$00000000  c_w.l(__rtentry.o)
    0x080001b6   0x080001b6   0x00000000   Code   RO          614    .ARM.Collect$$rtentry$$00000002  c_w.l(__rtentry2.o)
    0x080001b6   0x080001b6   0x00000006   Code   RO          626    .ARM.Collect$$rtentry$$00000004  c_w.l(__rtentry4.o)
    0x080001bc   0x080001bc   0x00000000   Code   RO          616    .ARM.Collect$$rtentry$$00000009  c_w.l(__rtentry2.o)
    0x080001bc   0x080001bc   0x00000004   Code   RO          617    .ARM.Collect$$rtentry$$0000000A  c_w.l(__rtentry2.o)
    0x080001c0   0x080001c0   0x00000000   Code   RO          619    .ARM.Collect$$rtentry$$0000000C  c_w.l(__rtentry2.o)
    0x080001c0   0x080001c0   0x00000008   Code   RO          620    .ARM.Collect$$rtentry$$0000000D  c_w.l(__rtentry2.o)
    0x080001c8   0x080001c8   0x00000002   Code   RO          649    .ARM.Collect$$rtexit$$00000000  c_w.l(rtexit.o)
    0x080001ca   0x080001ca   0x00000000   Code   RO          697    .ARM.Collect$$rtexit$$00000002  c_w.l(rtexit2.o)
    0x080001ca   0x080001ca   0x00000004   Code   RO          698    .ARM.Collect$$rtexit$$00000003  c_w.l(rtexit2.o)
    0x080001ce   0x080001ce   0x00000006   Code   RO          699    .ARM.Collect$$rtexit$$00000004  c_w.l(rtexit2.o)
    0x080001d4   0x080001d4   0x0000040c   Code   RO            1    .text               main.o
    0x080005e0   0x080005e0   0x0000001a   Code   RO          141    .text               stm32f10x_it.o
    0x080005fa   0x080005fa   0x00000002   PAD
    0x080005fc   0x080005fc   0x000001e0   Code   RO          182    .text               system_stm32f10x.o
    0x080007dc   0x080007dc   0x00000038   Code   RO          200    .text               led.o
    0x08000814   0x08000814   0x00005846   Code   RO          212    .text               lcd.o
    0x0800605a   0x0800605a   0x00000002   PAD
    0x0800605c   0x0800605c   0x00000170   Code   RO          242    .text               adc.o
    0x080061cc   0x080061cc   0x00000200   Code   RO          260    .text               pwm.o
    0x080063cc   0x080063cc   0x00000524   Code   RO          276    .text               mmc_sd.o
    0x080068f0   0x080068f0   0x000000e0   Code   RO          297    .text               spi.o
    0x080069d0   0x080069d0   0x000000d4   Code   RO          332    .text               delay.o
    0x08006aa4   0x08006aa4   0x00000140   Code   RO          363    .text               usart.o
    0x08006be4   0x08006be4   0x00000040   Code   RO          399    .text               startup_stm32f10x_hd.o
    0x08006c24   0x08006c24   0x0000035c   Code   RO          403    .text               stm32f10x_gpio.o
    0x08006f80   0x08006f80   0x000003a4   Code   RO          415    .text               stm32f10x_rcc.o
    0x08007324   0x08007324   0x00000408   Code   RO          429    .text               stm32f10x_usart.o
    0x0800772c   0x0800772c   0x000000dc   Code   RO          441    .text               misc.o
    0x08007808   0x08007808   0x0000044e   Code   RO          453    .text               stm32f10x_adc.o
    0x08007c56   0x08007c56   0x00000002   PAD
    0x08007c58   0x08007c58   0x00000e1a   Code   RO          465    .text               stm32f10x_tim.o
    0x08008a72   0x08008a72   0x00000002   PAD
    0x08008a74   0x08008a74   0x0000030c   Code   RO          477    .text               stm32f10x_spi.o
    0x08008d80   0x08008d80   0x00000254   Code   RO          489    .text               stm32f10x_dma.o
    0x08008fd4   0x08008fd4   0x00000002   Code   RO          503    .text               c_w.l(use_no_semi_2.o)
    0x08008fd6   0x08008fd6   0x00000002   PAD
    0x08008fd8   0x08008fd8   0x00000018   Code   RO          507    .text               c_w.l(noretval__2printf.o)
    0x08008ff0   0x08008ff0   0x00000068   Code   RO          509    .text               c_w.l(__printf.o)
    0x08009058   0x08009058   0x00000058   Code   RO          514    .text               c_w.l(_printf_hex_int.o)
    0x080090b0   0x080090b0   0x00000006   Code   RO          554    .text               c_w.l(heapauxi.o)
    0x080090b6   0x080090b6   0x00000002   Code   RO          596    .text               c_w.l(use_no_semi.o)
    0x080090b8   0x080090b8   0x000000b2   Code   RO          599    .text               c_w.l(_printf_intcommon.o)
    0x0800916a   0x0800916a   0x00000002   PAD
    0x0800916c   0x0800916c   0x00000024   Code   RO          601    .text               c_w.l(_printf_char_file.o)
    0x08009190   0x08009190   0x00000030   Code   RO          628    .text               c_w.l(_printf_char_common.o)
    0x080091c0   0x080091c0   0x00000008   Code   RO          630    .text               c_w.l(ferror.o)
    0x080091c8   0x080091c8   0x0000004a   Code   RO          634    .text               c_w.l(sys_stackheap_outer.o)
    0x08009212   0x08009212   0x00000012   Code   RO          638    .text               c_w.l(exit.o)
    0x08009224   0x08009224   0x00000008   Code   RO          646    .text               c_w.l(libspace.o)
    0x0800922c   0x0800922c   0x00000062   Code   RO          558    x$fpl$d2f           fz_ws.l(d2f.o)
    0x0800928e   0x0800928e   0x00000002   PAD
    0x08009290   0x08009290   0x000002b0   Code   RO          561    x$fpl$ddiv          fz_ws.l(ddiv.o)
    0x08009540   0x08009540   0x0000005a   Code   RO          564    x$fpl$dfixu         fz_ws.l(dfixu.o)
    0x0800959a   0x0800959a   0x0000002e   Code   RO          569    x$fpl$dflt          fz_ws.l(dflt_clz.o)
    0x080095c8   0x080095c8   0x00000026   Code   RO          568    x$fpl$dfltu         fz_ws.l(dflt_clz.o)
    0x080095ee   0x080095ee   0x00000002   PAD
    0x080095f0   0x080095f0   0x00000154   Code   RO          574    x$fpl$dmul          fz_ws.l(dmul.o)
    0x08009744   0x08009744   0x0000009c   Code   RO          604    x$fpl$dnaninf       fz_ws.l(dnaninf.o)
    0x080097e0   0x080097e0   0x0000000c   Code   RO          606    x$fpl$dretinf       fz_ws.l(dretinf.o)
    0x080097ec   0x080097ec   0x00000056   Code   RO          576    x$fpl$f2d           fz_ws.l(f2d.o)
    0x08009842   0x08009842   0x00000002   PAD
    0x08009844   0x08009844   0x000000c4   Code   RO          578    x$fpl$fadd          fz_ws.l(faddsub_clz.o)
    0x08009908   0x08009908   0x0000003e   Code   RO          584    x$fpl$ffixu         fz_ws.l(ffixu.o)
    0x08009946   0x08009946   0x00000002   PAD
    0x08009948   0x08009948   0x00000026   Code   RO          588    x$fpl$ffltu         fz_ws.l(fflt_clz.o)
    0x0800996e   0x0800996e   0x00000002   PAD
    0x08009970   0x08009970   0x00000102   Code   RO          594    x$fpl$fmul          fz_ws.l(fmul.o)
    0x08009a72   0x08009a72   0x0000008c   Code   RO          608    x$fpl$fnaninf       fz_ws.l(fnaninf.o)
    0x08009afe   0x08009afe   0x0000000a   Code   RO          610    x$fpl$fretinf       fz_ws.l(fretinf.o)
    0x08009b08   0x08009b08   0x00000014   Code   RO          579    x$fpl$frsb          fz_ws.l(faddsub_clz.o)
    0x08009b1c   0x08009b1c   0x000000ea   Code   RO          580    x$fpl$fsub          fz_ws.l(faddsub_clz.o)
    0x08009c06   0x08009c06   0x00000000   Code   RO          612    x$fpl$usenofp       fz_ws.l(usenofp.o)
    0x08009c06   0x08009c06   0x000017c0   Data   RO          214    .constdata          lcd.o
    0x0800b3c6   0x0800b3c6   0x00000028   Data   RO          515    .constdata          c_w.l(_printf_hex_int.o)
    0x0800b3ee   0x0800b3ee   0x00000002   PAD
    0x0800b3f0   0x0800b3f0   0x00000020   Data   RO          769    Region$$Table       anon$$obj.o


    Execution Region RW_IRAM1 (Exec base: 0x20000000, Load base: 0x0800b410, Size: 0x00000810, Max: 0x0000c000, ABSOLUTE)

    Exec Addr    Load Addr    Size         Type   Attr      Idx    E Section Name        Object

    0x20000000   0x0800b410   0x00000014   Data   RW          183    .data               system_stm32f10x.o
    0x20000014   0x0800b424   0x00000004   Data   RW          215    .data               lcd.o
    0x20000018   0x0800b428   0x00000004   Data   RW          262    .data               pwm.o
    0x2000001c   0x0800b42c   0x00000001   Data   RW          277    .data               mmc_sd.o
    0x2000001d   0x0800b42d   0x00000001   PAD
    0x2000001e   0x0800b42e   0x00000004   Data   RW          333    .data               delay.o
    0x20000022   0x0800b432   0x00000002   PAD
    0x20000024   0x0800b434   0x00000006   Data   RW          365    .data               usart.o
    0x2000002a   0x0800b43a   0x00000014   Data   RW          416    .data               stm32f10x_rcc.o
    0x2000003e   0x0800b44e   0x00000002   PAD
    0x20000040        -       0x0000000e   Zero   RW          213    .bss                lcd.o
    0x2000004e        -       0x00000078   Zero   RW          243    .bss                adc.o
    0x200000c6        -       0x0000000a   Zero   RW          261    .bss                pwm.o
    0x200000d0        -       0x00000012   Zero   RW          298    .bss                spi.o
    0x200000e2        -       0x000000c8   Zero   RW          364    .bss                usart.o
    0x200001aa   0x0800b44e   0x00000002   PAD
    0x200001ac        -       0x00000060   Zero   RW          647    .bss                c_w.l(libspace.o)
    0x2000020c   0x0800b44e   0x00000004   PAD
    0x20000210        -       0x00000200   Zero   RW          397    HEAP                startup_stm32f10x_hd.o
    0x20000410        -       0x00000400   Zero   RW          396    STACK               startup_stm32f10x_hd.o


==============================================================================

Image component sizes


      Code (inc. data)   RO Data    RW Data    ZI Data      Debug   Object Name

       368         16          0          0        120       1687   adc.o
       212         18          0          4          0       1031   delay.o
     22598        208       6080          4         14      24983   lcd.o
        56          8          0          0          0        479   led.o
      1036        118          0          0          0     279707   main.o
       220         22          0          0          0       1785   misc.o
      1316         16          0          1          0       5838   mmc_sd.o
       512         20          0          4         10       1740   pwm.o
       224         12          0          0         18       1281   spi.o
        64         26        304          0       1536        784   startup_stm32f10x_hd.o
      1102         26          0          0          0      11029   stm32f10x_adc.o
       596          8          0          0          0       4350   stm32f10x_dma.o
       860         38          0          0          0       5721   stm32f10x_gpio.o
        26          0          0          0          0       1174   stm32f10x_it.o
       932         36          0         20          0       8896   stm32f10x_rcc.o
       780         14          0          0          0       6602   stm32f10x_spi.o
      3610         88          0          0          0      22828   stm32f10x_tim.o
      1032         22          0          0          0       8444   stm32f10x_usart.o
         0          0          0          0          0         32   sys.o
       480         38          0         20          0       1719   system_stm32f10x.o
       320         18          0          6        200       3130   usart.o

    ----------------------------------------------------------------------
     36352        752       6416         64       1900     393240   Object Totals
         0          0         32          0          0          0   (incl. Generated)
         8          0          0          5          2          0   (incl. Padding)

    ----------------------------------------------------------------------

      Code (inc. data)   RO Data    RW Data    ZI Data      Debug   Library Member Name

         8          0          0          0          0         68   __main.o
       104          0          0          0          0         84   __printf.o
         0          0          0          0          0          0   __rtentry.o
        12          0          0          0          0          0   __rtentry2.o
         6          0          0          0          0          0   __rtentry4.o
        52          8          0          0          0          0   __scatter.o
        26          0          0          0          0          0   __scatter_copy.o
        28          0          0          0          0          0   __scatter_zi.o
        48          6          0          0          0         96   _printf_char_common.o
        36          4          0          0          0         80   _printf_char_file.o
        88          4         40          0          0         88   _printf_hex_int.o
       178          0          0          0          0         88   _printf_intcommon.o
         0          0          0          0          0          0   _printf_percent.o
         4          0          0          0          0          0   _printf_percent_end.o
         6          0          0          0          0          0   _printf_x.o
        18          0          0          0          0         80   exit.o
         8          0          0          0          0         68   ferror.o
         6          0          0          0          0        152   heapauxi.o
         2          0          0          0          0          0   libinit.o
         2          0          0          0          0          0   libinit2.o
         2          0          0          0          0          0   libshutdown.o
         2          0          0          0          0          0   libshutdown2.o
         8          4          0          0         96         68   libspace.o
        24          4          0          0          0         84   noretval__2printf.o
         2          0          0          0          0          0   rtexit.o
        10          0          0          0          0          0   rtexit2.o
        74          0          0          0          0         80   sys_stackheap_outer.o
         2          0          0          0          0         68   use_no_semi.o
         2          0          0          0          0         68   use_no_semi_2.o
        98          4          0          0          0         92   d2f.o
       688        140          0          0          0        208   ddiv.o
        90          4          0          0          0         92   dfixu.o
        84          0          0          0          0        136   dflt_clz.o
       340         12          0          0          0        104   dmul.o
       156          4          0          0          0         92   dnaninf.o
        12          0          0          0          0         68   dretinf.o
        86          4          0          0          0         84   f2d.o
       450          8          0          0          0        236   faddsub_clz.o
        62          4          0          0          0         84   ffixu.o
        38          0          0          0          0         68   fflt_clz.o
       258          4          0          0          0         84   fmul.o
       140          4          0          0          0         84   fnaninf.o
        10          0          0          0          0         68   fretinf.o
         0          0          0          0          0          0   usenofp.o

    ----------------------------------------------------------------------
      3286        218         42          0        100       2672   Library Totals
        16          0          2          0          4          0   (incl. Padding)

    ----------------------------------------------------------------------

      Code (inc. data)   RO Data    RW Data    ZI Data      Debug   Library Name

       758         30         40          0         96       1172   c_w.l
      2512        188          0          0          0       1500   fz_ws.l

    ----------------------------------------------------------------------
      3286        218         42          0        100       2672   Library Totals

    ----------------------------------------------------------------------

==============================================================================


      Code (inc. data)   RO Data    RW Data    ZI Data      Debug   

     39638        970       6458         64       2000     392788   Grand Totals
     39638        970       6458         64       2000     392788   ELF Image Totals
     39638        970       6458         64          0          0   ROM Totals

==============================================================================

    Total RO  Size (Code + RO Data)                46096 (  45.02kB)
    Total RW  Size (RW Data + ZI Data)              2064 (   2.02kB)
    Total ROM Size (Code + RO Data + RW Data)      46160 (  45.08kB)

==============================================================================

